Archive member included to satisfy reference by file (symbol)

app/libapp.a(main.c.obj)      (--whole-archive)
zephyr/libzephyr.a(validate_libc.c.obj)
                              (--whole-archive)
zephyr/libzephyr.a(heap.c.obj)
                              (--whole-archive)
zephyr/libzephyr.a(boot_banner.c.obj)
                              (--whole-archive)
zephyr/libzephyr.a(cbprintf_packaged.c.obj)
                              (--whole-archive)
zephyr/libzephyr.a(clock.c.obj)
                              (--whole-archive)
zephyr/libzephyr.a(printk.c.obj)
                              (--whole-archive)
zephyr/libzephyr.a(cbprintf_complete.c.obj)
                              (--whole-archive)
zephyr/libzephyr.a(assert.c.obj)
                              (--whole-archive)
zephyr/libzephyr.a(reboot.c.obj)
                              (--whole-archive)
zephyr/libzephyr.a(dec.c.obj)
                              (--whole-archive)
zephyr/libzephyr.a(hex.c.obj)
                              (--whole-archive)
zephyr/libzephyr.a(rb.c.obj)  (--whole-archive)
zephyr/libzephyr.a(set.c.obj)
                              (--whole-archive)
zephyr/libzephyr.a(timeutil.c.obj)
                              (--whole-archive)
zephyr/libzephyr.a(bitarray.c.obj)
                              (--whole-archive)
zephyr/libzephyr.a(bitmask.c.obj)
                              (--whole-archive)
zephyr/libzephyr.a(getopt.c.obj)
                              (--whole-archive)
zephyr/libzephyr.a(getopt_common.c.obj)
                              (--whole-archive)
zephyr/libzephyr.a(onoff.c.obj)
                              (--whole-archive)
zephyr/libzephyr.a(notify.c.obj)
                              (--whole-archive)
zephyr/libzephyr.a(ring_buffer.c.obj)
                              (--whole-archive)
zephyr/libzephyr.a(last_section_id.c.obj)
                              (--whole-archive)
zephyr/libzephyr.a(uuid.c.obj)
                              (--whole-archive)
zephyr/libzephyr.a(configs.c.obj)
                              (--whole-archive)
zephyr/libzephyr.a(mem_attr.c.obj)
                              (--whole-archive)
zephyr/libzephyr.a(flash_map.c.obj)
                              (--whole-archive)
zephyr/libzephyr.a(flash_map_default.c.obj)
                              (--whole-archive)
zephyr/libzephyr.a(flash_map_layout.c.obj)
                              (--whole-archive)
zephyr/libzephyr.a(stream_flash.c.obj)
                              (--whole-archive)
zephyr/libzephyr.a(tracing_none.c.obj)
                              (--whole-archive)
zephyr/libzephyr.a(gap_svc.c.obj)
                              (--whole-archive)
zephyr/libzephyr.a(flash_img.c.obj)
                              (--whole-archive)
zephyr/libzephyr.a(flash_util.c.obj)
                              (--whole-archive)
zephyr/libzephyr.a(sem.c.obj)
                              (--whole-archive)
zephyr/libzephyr.a(thread_entry.c.obj)
                              (--whole-archive)
zephyr/arch/common/libarch__common.a(sw_isr_common.c.obj)
                              (--whole-archive)
zephyr/arch/common/libarch__common.a(init.c.obj)
                              (--whole-archive)
zephyr/arch/common/libarch__common.a(xip.c.obj)
                              (--whole-archive)
zephyr/arch/arch/arm/core/libarch__arm__core.a(fatal.c.obj)
                              (--whole-archive)
zephyr/arch/arch/arm/core/libarch__arm__core.a(nmi.c.obj)
                              (--whole-archive)
zephyr/arch/arch/arm/core/libarch__arm__core.a(nmi_on_reset.S.obj)
                              (--whole-archive)
zephyr/arch/arch/arm/core/libarch__arm__core.a(tls.c.obj)
                              (--whole-archive)
zephyr/arch/arch/arm/core/cortex_m/libarch__arm__core__cortex_m.a(fault.c.obj)
                              (--whole-archive)
zephyr/arch/arch/arm/core/cortex_m/libarch__arm__core__cortex_m.a(fault_s.S.obj)
                              (--whole-archive)
zephyr/arch/arch/arm/core/cortex_m/libarch__arm__core__cortex_m.a(fpu.c.obj)
                              (--whole-archive)
zephyr/arch/arch/arm/core/cortex_m/libarch__arm__core__cortex_m.a(reset.S.obj)
                              (--whole-archive)
zephyr/arch/arch/arm/core/cortex_m/libarch__arm__core__cortex_m.a(scb.c.obj)
                              (--whole-archive)
zephyr/arch/arch/arm/core/cortex_m/libarch__arm__core__cortex_m.a(vector_table.S.obj)
                              (--whole-archive)
zephyr/arch/arch/arm/core/cortex_m/libarch__arm__core__cortex_m.a(svc.S.obj)
                              (--whole-archive)
zephyr/arch/arch/arm/core/cortex_m/libarch__arm__core__cortex_m.a(irq_manage.c.obj)
                              (--whole-archive)
zephyr/arch/arch/arm/core/cortex_m/libarch__arm__core__cortex_m.a(prep_c.c.obj)
                              (--whole-archive)
zephyr/arch/arch/arm/core/cortex_m/libarch__arm__core__cortex_m.a(thread.c.obj)
[...]
Memory Configuration

Name             Origin             Length             Attributes
FLASH            0x00000000         0x00080000         xr
RAM              0x20000000         0x00010000         xw
IDT_LIST         0xffff7fff         0x00008000         xw
*default*        0x00000000         0xffffffff

Linker script and memory map

                0x0001a6d8                        vfprintf = __l_vfprintf
                0x00000000                        vfscanf = __l_vfscanf
LOAD zephyr/CMakeFiles/zephyr_final.dir/misc/empty_file.c.obj
LOAD zephyr/CMakeFiles/zephyr_final.dir/isr_tables.c.obj
LOAD zephyr/CMakeFiles/offsets.dir/./arch/arm/core/offsets/offsets.c.obj
LOAD app/libapp.a
LOAD zephyr/libzephyr.a
LOAD zephyr/arch/common/libarch__common.a
LOAD zephyr/arch/arch/arm/core/libarch__arm__core.a
LOAD zephyr/arch/arch/arm/core/cortex_m/libarch__arm__core__cortex_m.a
LOAD zephyr/arch/arch/arm/core/mpu/libarch__arm__core__mpu.a
LOAD zephyr/lib/libc/picolibc/liblib__libc__picolibc.a
LOAD zephyr/lib/libc/common/liblib__libc__common.a
LOAD zephyr/lib/net_buf/liblib__net_buf.a
LOAD zephyr/soc/soc/nrf52832/libsoc__nordic.a
LOAD zephyr/subsys/mgmt/mcumgr/mgmt/libmcumgr_mgmt.a
LOAD zephyr/subsys/mgmt/mcumgr/smp/libmcumgr_smp.a
LOAD zephyr/subsys/mgmt/mcumgr/util/libmcumgr_util.a
LOAD zephyr/subsys/mgmt/mcumgr/grp/img_mgmt/libmcumgr_grp_img_mgmt.a
LOAD zephyr/subsys/mgmt/mcumgr/grp/os_mgmt/libmcumgr_grp_os_mgmt.a
LOAD zephyr/subsys/mgmt/mcumgr/transport/libmcumgr_transport.a
LOAD zephyr/subsys/portability/posix/c_lib_ext/libsubsys__portability__posix__c_lib_ext.a
LOAD zephyr/subsys/random/libsubsys__random.a
LOAD zephyr/subsys/bluetooth/common/libsubsys__bluetooth__common.a
LOAD zephyr/subsys/bluetooth/host/libsubsys__bluetooth__host.a
LOAD zephyr/subsys/bluetooth/crypto/libsubsys__bluetooth__crypto.a
LOAD zephyr/subsys/bluetooth/controller/libsubsys__bluetooth__controller.a
LOAD zephyr/subsys/bluetooth/controller/ll_sw/nordic/libsubsys__bluetooth__controller__ll_sw__nordic.a
LOAD zephyr/subsys/dfu/boot/libsubsys__dfu__boot.a
LOAD zephyr/drivers/clock_control/libdrivers__clock_control.a
LOAD zephyr/drivers/console/libdrivers__console.a
LOAD zephyr/drivers/entropy/libdrivers__entropy.a
LOAD zephyr/drivers/flash/libdrivers__flash.a
LOAD zephyr/drivers/gpio/libdrivers__gpio.a
LOAD zephyr/drivers/pinctrl/libdrivers__pinctrl.a
LOAD zephyr/drivers/serial/libdrivers__serial.a
LOAD zephyr/drivers/timer/libdrivers__timer.a
LOAD modules/hal_nordic/nrfx/libnrfx.a
LOAD modules/mbedtls/mbedtls/library/libmbedtls.a
LOAD modules/mbedtls/libmodules__mbedtls.a
LOAD modules/mcuboot/libmcuboot_util.a
LOAD modules/zcbor/libmodules__zcbor.a
LOAD zephyr/kernel/libkernel.a
LOAD zephyr/arch/common/libisr_tables.a
LOAD modules/mbedtls/mbedtls/library/libmbedx509.a
LOAD modules/mbedtls/mbedtls/tf-psa-crypto/core/libtfpsacrypto.a
LOAD /home/dives/zephyr-sdk-1.0.1/gnu/arm-zephyr-eabi/bin/../lib/gcc/arm-zephyr-eabi/14.3.0/../../../../arm-zephyr-eabi/lib/thumb/v7e-m/nofp/space/libc.a
LOAD /home/dives/zephyr-sdk-1.0.1/gnu/arm-zephyr-eabi/bin/../lib/gcc/arm-zephyr-eabi/14.3.0/thumb/v7e-m/nofp/space/libgcc.a
                0x00000020                        _region_min_align = 0x20

.rel.plt        0x00000000        0x0
 *(SORT_BY_ALIGNMENT(.rel.plt))
                [!provide]                        PROVIDE (__rel_iplt_start = .)
 *(SORT_BY_ALIGNMENT(.rel.iplt))
 .rel.iplt      0x00000000        0x0 zephyr/CMakeFiles/zephyr_final.dir/isr_tables.c.obj
                [!provide]                        PROVIDE (__rel_iplt_end = .)

.rela.plt       0x00000000        0x0
 *(SORT_BY_ALIGNMENT(.rela.plt))
                [!provide]                        PROVIDE (__rela_iplt_start = .)
 *(SORT_BY_ALIGNMENT(.rela.iplt))
                [!provide]                        PROVIDE (__rela_iplt_end = .)

.rel.dyn
 *(SORT_BY_ALIGNMENT(.rel.*))

.rela.dyn
 *(SORT_BY_ALIGNMENT(.rela.*))

/DISCARD/
 *(SORT_BY_ALIGNMENT(.plt))

/DISCARD/
 *(SORT_BY_ALIGNMENT(.iplt))
                0x00000000                        __rom_region_start = 0x0

rom_start       0x00000000       0xdc
                0x00000000                        __rom_start_address = .
 FILL mask 0x00
                0x00000000                        . = (. + (0x0 - (. - __rom_start_address)))
                0x00000000                        . = ALIGN (0x4)
                0x00000000                        . = ALIGN (0x80)
                0x00000000                        . = ALIGN (0x100)
                0x00000000                        _vector_start = .
 *(SORT_BY_ALIGNMENT(.exc_vector_table))
 *(SORT_BY_ALIGNMENT(.exc_vector_table.*))
 .exc_vector_table._vector_table_section
                0x00000000       0x40 zephyr/arch/arch/arm/core/cortex_m/libarch__arm__core__cortex_m.a(vector_table.S.obj)
                0x00000000                _vector_table
 *(SORT_BY_ALIGNMENT(.vectors))
                0x000000dc                        _vector_end = .
                0x00000040                        . = ALIGN (0x4)
 *(SORT_BY_ALIGNMENT(.gnu.linkonce.irq_vector_table*))
 .gnu.linkonce.irq_vector_table
                0x00000040       0x9c zephyr/CMakeFiles/zephyr_final.dir/isr_tables.c.obj
                0x00000040                _irq_vector_table
                0x000000dc                        _vector_end = .

text            0x000000e0    0x21d2c
                0x000000e0                        __text_region_start = .
 *(SORT_BY_ALIGNMENT(.text))
 .text          0x000000e0       0x30 /home/dives/zephyr-sdk-1.0.1/gnu/arm-zephyr-eabi/bin/../lib/gcc/arm-zephyr-eabi/14.3.0/thumb/v7e-m/nofp/space/libgcc.a(_aeabi_uldivmod.o)
                0x000000e0                __aeabi_uldivmod
 .text          0x00000110        0x4 /home/dives/zephyr-sdk-1.0.1/gnu/arm-zephyr-eabi/bin/../lib/gcc/arm-zephyr-eabi/14.3.0/thumb/v7e-m/nofp/space/libgcc.a(_dvmd_tls.o)
                0x00000110                __aeabi_ldiv0
                0x00000110                __aeabi_idiv0
 .text          0x00000114       0x10 /home/dives/zephyr-sdk-1.0.1/gnu/arm-zephyr-eabi/bin/../lib/gcc/arm-zephyr-eabi/14.3.0/../../../../arm-zephyr-eabi/lib/thumb/v7e-m/nofp/space/libc.a(strcpy.S.o)
                0x00000114                strcpy
 .text          0x00000124       0x10 /home/dives/zephyr-sdk-1.0.1/gnu/arm-zephyr-eabi/bin/../lib/gcc/arm-zephyr-eabi/14.3.0/../../../../arm-zephyr-eabi/lib/thumb/v7e-m/nofp/space/libc.a(strlen.S.o)
                0x00000124                strlen
 .text          0x00000134      0x2bc /home/dives/zephyr-sdk-1.0.1/gnu/arm-zephyr-eabi/bin/../lib/gcc/arm-zephyr-eabi/14.3.0/thumb/v7e-m/nofp/space/libgcc.a(_udivmoddi4.o)
                0x00000134                __udivmoddi4
 *(SORT_BY_ALIGNMENT(.text.*))
 .text.bt_init  0x000003f0      0x408 zephyr/subsys/bluetooth/host/libsubsys__bluetooth__host.a(hci_core.c.obj)
 .text.ull_drift_ticks_get
                0x000007f8       0x90 zephyr/subsys/bluetooth/controller/libsubsys__bluetooth__controller.a(ull.c.obj)
                0x000007f8                ull_drift_ticks_get
 .text.ll_adv_enable
                0x00000888      0x368 zephyr/subsys/bluetooth/controller/libsubsys__bluetooth__controller.a(ull_adv.c.obj)
                0x00000888                ll_adv_enable
 .text.ull_adv_time_update
                0x00000bf0       0xb4 zephyr/subsys/bluetooth/controller/libsubsys__bluetooth__controller.a(ull_adv.c.obj)
                0x00000bf0                ull_adv_time_update
 *fill*         0x00000ca4        0x4 
 .text.ull_conn_update_ticker.constprop.0
                0x00000ca8       0xf8 zephyr/subsys/bluetooth/controller/libsubsys__bluetooth__controller.a(ull_conn.c.obj)
 .text.ull_conn_done
                0x00000da0      0x384 zephyr/subsys/bluetooth/controller/libsubsys__bluetooth__controller.a(ull_conn.c.obj)
                0x00000da0                ull_conn_done
 *fill*         0x00001124        0x4 
 .text.ull_conn_update_parameters
                0x00001128      0x264 zephyr/subsys/bluetooth/controller/libsubsys__bluetooth__controller.a(ull_conn.c.obj)
                0x00001128                ull_conn_update_parameters
 *fill*         0x0000138c        0x4 
 .text.ull_periph_setup
                0x00001390      0x42c zephyr/subsys/bluetooth/controller/libsubsys__bluetooth__controller.a(ull_peripheral.c.obj)
                0x00001390                ull_periph_setup
 *fill*         0x000017bc        0x4 
 .text.nrf_flash_sync_exe
                0x000017c0      0x140 zephyr/subsys/bluetooth/controller/libsubsys__bluetooth__controller.a(soc_flash_nrf_ticker.c.obj)
                0x000017c0                nrf_flash_sync_exe
 .text.nrf_flash_sync_check_time_limit
                0x00001900       0x48 zephyr/subsys/bluetooth/controller/libsubsys__bluetooth__controller.a(soc_flash_nrf_ticker.c.obj)
                0x00001900                nrf_flash_sync_check_time_limit
 .text.prepare_cb
                0x00001948      0x158 zephyr/subsys/bluetooth/controller/ll_sw/nordic/libsubsys__bluetooth__controller__ll_sw__nordic.a(lll_adv.c.obj)
 .text.prepare_cb
                0x00001aa0      0x24c zephyr/subsys/bluetooth/controller/ll_sw/nordic/libsubsys__bluetooth__controller__ll_sw__nordic.a(lll_peripheral.c.obj)
 .text.bt_ready
                0x00001cec       0x78 app/libapp.a(main.c.obj)
 .text.main     0x00001d64       0xa4 app/libapp.a(main.c.obj)
                0x00001d64                main
 .text.boot_banner
                0x00001e08       0x10 zephyr/libzephyr.a(boot_banner.c.obj)
 .text.char_out
                0x00001e18        0xc zephyr/libzephyr.a(printk.c.obj)
 .text.__printk_hook_install
                0x00001e24        0xc zephyr/libzephyr.a(printk.c.obj)
                0x00001e24                __printk_hook_install
 .text.vprintk  0x00001e30       0x30 zephyr/libzephyr.a(printk.c.obj)
                0x00001e30                vprintk
 .text.sys_reboot
                0x00001e60       0x2c zephyr/libzephyr.a(reboot.c.obj)
                0x00001e60                sys_reboot
 .text.process_event
                0x00001e8c      0x1e8 zephyr/libzephyr.a(onoff.c.obj)
 .text.mem_attr_get_regions
                0x00002074        0xc zephyr/libzephyr.a(mem_attr.c.obj)
                0x00002074                mem_attr_get_regions
 .text.flash_area_open
                0x00002080       0x4c zephyr/libzephyr.a(flash_map.c.obj)
                0x00002080                flash_area_open
 .text.stream_flash_init
                0x000020cc       0xa0 zephyr/libzephyr.a(stream_flash.c.obj)
                0x000020cc                stream_flash_init
 .text.read_ppcp
                0x0000216c       0x2c zephyr/libzephyr.a(gap_svc.c.obj)
 .text.z_thread_entry
                0x00002198       0x34 zephyr/libzephyr.a(thread_entry.c.obj)
                0x00002198                z_thread_entry
 .text.arch_bss_zero
                0x000021cc       0x18 zephyr/arch/common/libarch__common.a(init.c.obj)
                0x000021cc                arch_bss_zero
 .text.arch_data_copy
                0x000021e4       0x38 zephyr/arch/common/libarch__common.a(xip.c.obj)
                0x000021e4                arch_data_copy
 .text.z_arm_fatal_error
                0x0000221c       0x60 zephyr/arch/arch/arm/core/libarch__arm__core.a(fatal.c.obj)
                0x0000221c                z_arm_fatal_error
 .text.z_SysNmiOnReset
                0x0000227c        0x8 zephyr/arch/arch/arm/core/libarch__arm__core.a(nmi_on_reset.S.obj)
                0x0000227c                z_SysNmiOnReset
 .text.arch_tls_stack_setup
                0x00002284       0x40 zephyr/arch/arch/arm/core/libarch__arm__core.a(tls.c.obj)
                0x00002284                arch_tls_stack_setup
 .text.mem_manage_fault
                0x000022c4       0xf0 zephyr/arch/arch/arm/core/cortex_m/libarch__arm__core__cortex_m.a(fault.c.obj)
 .text.usage_fault.isra.0
                0x000023b4       0x98 zephyr/arch/arch/arm/core/cortex_m/libarch__arm__core__cortex_m.a(fault.c.obj)
 .text.bus_fault.isra.0
                0x0000244c       0xb8 zephyr/arch/arch/arm/core/cortex_m/libarch__arm__core__cortex_m.a(fault.c.obj)
 .text.z_arm_fault
                0x00002504      0x1a8 zephyr/arch/arch/arm/core/cortex_m/libarch__arm__core__cortex_m.a(fault.c.obj)
                0x00002504                z_arm_fault
 .text.z_arm_fault_init
                0x000026ac       0x18 zephyr/arch/arch/arm/core/cortex_m/libarch__arm__core__cortex_m.a(fault.c.obj)
                0x000026ac                z_arm_fault_init
 .text.__fault  0x000026c4       0x14 zephyr/arch/arch/arm/core/cortex_m/libarch__arm__core__cortex_m.a(fault_s.S.obj)
                0x000026c4                z_arm_exc_spurious
                0x000026c4                z_arm_usage_fault
                0x000026c4                z_arm_mpu_fault
                0x000026c4                z_arm_debug_monitor
                0x000026c4                z_arm_hard_fault
                0x000026c4                z_arm_bus_fault
 .text._reset_section
                0x000026d8       0x38 zephyr/arch/arch/arm/core/cortex_m/libarch__arm__core__cortex_m.a(reset.S.obj)
                0x000026d8                __start
                0x000026d8                z_arm_reset
 .text.z_arm_svc
                0x00002710       0x24 zephyr/arch/arch/arm/core/cortex_m/libarch__arm__core__cortex_m.a(svc.S.obj)
                0x00002710                z_arm_svc
 .text.arm_irq_enable
                0x00002734       0x1c zephyr/arch/arch/arm/core/cortex_m/libarch__arm__core__cortex_m.a(irq_manage.c.obj)
                0x00002734                arm_irq_enable
 .text.arm_irq_disable
                0x00002750       0x28 zephyr/arch/arch/arm/core/cortex_m/libarch__arm__core__cortex_m.a(irq_manage.c.obj)
                0x00002750                arm_irq_disable
 .text.arm_irq_is_enabled
                0x00002778       0x1c zephyr/arch/arch/arm/core/cortex_m/libarch__arm__core__cortex_m.a(irq_manage.c.obj)
                0x00002778                arm_irq_is_enabled
 .text.arm_irq_priority_set
                0x00002794       0x30 zephyr/arch/arch/arm/core/cortex_m/libarch__arm__core__cortex_m.a(irq_manage.c.obj)
                0x00002794                arm_irq_priority_set
 .text.relocate_vector_table
                0x000027c4       0x1c zephyr/arch/arch/arm/core/cortex_m/libarch__arm__core__cortex_m.a(prep_c.c.obj)
                0x000027c4                relocate_vector_table
 .text.z_prep_c
                0x000027e0       0x38 zephyr/arch/arch/arm/core/cortex_m/libarch__arm__core__cortex_m.a(prep_c.c.obj)
                0x000027e0                z_prep_c
 .text.arch_new_thread
                0x00002818       0x38 zephyr/arch/arch/arm/core/cortex_m/libarch__arm__core__cortex_m.a(thread.c.obj)
                0x00002818                arch_new_thread
 .text.z_check_thread_stack_fail
                0x00002850       0x2c zephyr/arch/arch/arm/core/cortex_m/libarch__arm__core__cortex_m.a(thread.c.obj)
                0x00002850                z_check_thread_stack_fail
 .text.arch_switch_to_main_thread
                0x0000287c       0x3c zephyr/arch/arch/arm/core/cortex_m/libarch__arm__core__cortex_m.a(thread.c.obj)
                0x0000287c                arch_switch_to_main_thread
 .text.z_arm_cpu_idle_init
                0x000028b8        0xc zephyr/arch/arch/arm/core/cortex_m/libarch__arm__core__cortex_m.a(cpu_idle.c.obj)
                0x000028b8                z_arm_cpu_idle_init
 .text._HandlerModeExit
                0x000028c4       0x20 zephyr/arch/arch/arm/core/cortex_m/libarch__arm__core__cortex_m.a(exc_exit.c.obj)
                0x000028c4                z_arm_int_exit
                0x000028c4                z_arm_exc_exit
 .text.z_impl_k_thread_abort
                0x000028e4       0x2c zephyr/arch/arch/arm/core/cortex_m/libarch__arm__core__cortex_m.a(thread_abort.c.obj)
                0x000028e4                z_impl_k_thread_abort
 .text.z_arm_pendsv
                0x00002910       0x60 zephyr/arch/arch/arm/core/cortex_m/libarch__arm__core__cortex_m.a(swap_helper.S.obj)
                0x00002910                z_arm_pendsv
 .text.z_arm_interrupt_init
                0x00002970       0x18 zephyr/arch/arch/arm/core/cortex_m/libarch__arm__core__cortex_m.a(irq_init.c.obj)
                0x00002970                z_arm_interrupt_init
 .text._isr_wrapper
                0x00002988       0x24 zephyr/arch/arch/arm/core/cortex_m/libarch__arm__core__cortex_m.a(isr_wrapper.c.obj)
                0x00002988                _isr_wrapper
 .text.__aeabi_read_tp
                0x000029ac        0xc zephyr/arch/arch/arm/core/cortex_m/libarch__arm__core__cortex_m.a(__aeabi_read_tp.S.obj)
                0x000029ac                __aeabi_read_tp
 .text.z_arm_configure_static_mpu_regions
                0x000029b8       0x18 zephyr/arch/arch/arm/core/mpu/libarch__arm__core__mpu.a(arm_core_mpu.c.obj)
                0x000029b8                z_arm_configure_static_mpu_regions
 .text.z_arm_configure_dynamic_mpu_regions
                0x000029d0       0x20 zephyr/arch/arch/arm/core/mpu/libarch__arm__core__mpu.a(arm_core_mpu.c.obj)
                0x000029d0                z_arm_configure_dynamic_mpu_regions
 .text.region_init
                0x000029f0       0x28 zephyr/arch/arch/arm/core/mpu/libarch__arm__core__mpu.a(arm_mpu.c.obj)
 .text.mpu_configure_regions
                0x00002a18       0x6c zephyr/arch/arch/arm/core/mpu/libarch__arm__core__mpu.a(arm_mpu.c.obj)
 .text.arm_core_mpu_enable
                0x00002a84       0x18 zephyr/arch/arch/arm/core/mpu/libarch__arm__core__mpu.a(arm_mpu.c.obj)
                0x00002a84                arm_core_mpu_enable
 .text.arm_core_mpu_disable
                0x00002a9c       0x14 zephyr/arch/arch/arm/core/mpu/libarch__arm__core__mpu.a(arm_mpu.c.obj)
                0x00002a9c                arm_core_mpu_disable
 .text.arm_core_mpu_configure_static_mpu_regions
                0x00002ab0       0x14 zephyr/arch/arch/arm/core/mpu/libarch__arm__core__mpu.a(arm_mpu.c.obj)
                0x00002ab0                arm_core_mpu_configure_static_mpu_regions
 .text.arm_core_mpu_configure_dynamic_mpu_regions
                0x00002ac4       0x38 zephyr/arch/arch/arm/core/mpu/libarch__arm__core__mpu.a(arm_mpu.c.obj)
                0x00002ac4                arm_core_mpu_configure_dynamic_mpu_regions
 .text.z_arm_mpu_init
                0x00002afc      0x184 zephyr/arch/arch/arm/core/mpu/libarch__arm__core__mpu.a(arm_mpu.c.obj)
                0x00002afc                z_arm_mpu_init
 .text.z_impl_zephyr_fputc
                0x00002c80       0x10 zephyr/lib/libc/picolibc/liblib__libc__picolibc.a(stdio.c.obj)
                0x00002c80                z_impl_zephyr_fputc
 .text.__stdout_hook_install
                0x00002c90       0x18 zephyr/lib/libc/picolibc/liblib__libc__picolibc.a(stdio.c.obj)
                0x00002c90                __stdout_hook_install
 .text.abort    0x00002ca8       0x1c zephyr/lib/libc/common/liblib__libc__common.a(abort.c.obj)
                0x00002ca8                abort
 .text.malloc_prepare
                0x00002cc4       0x24 zephyr/lib/libc/common/liblib__libc__common.a(malloc.c.obj)
 .text.malloc_lock
                0x00002ce8       0x14 zephyr/lib/libc/common/liblib__libc__common.a(malloc.c.obj)
 .text.malloc_unlock
                0x00002cfc        0xc zephyr/lib/libc/common/liblib__libc__common.a(malloc.c.obj)
 .text.malloc   0x00002d08       0x34 zephyr/lib/libc/common/liblib__libc__common.a(malloc.c.obj)
                0x00002d08                malloc
 .text.free     0x00002d3c       0x1c zephyr/lib/libc/common/liblib__libc__common.a(malloc.c.obj)
                0x00002d3c                free
 .text.calloc   0x00002d58       0x34 zephyr/lib/libc/common/liblib__libc__common.a(malloc.c.obj)
                0x00002d58                calloc
 .text.net_buf_destroy
                0x00002d8c       0x38 zephyr/lib/net_buf/liblib__net_buf.a(buf.c.obj)
 .text.net_buf_pool_get
                0x00002dc4       0x10 zephyr/lib/net_buf/liblib__net_buf.a(buf.c.obj)
                0x00002dc4                net_buf_pool_get
 .text.net_buf_id
                0x00002dd4       0x20 zephyr/lib/net_buf/liblib__net_buf.a(buf.c.obj)
                0x00002dd4                net_buf_id
 .text.fixed_data_alloc
                0x00002df4       0x24 zephyr/lib/net_buf/liblib__net_buf.a(buf.c.obj)
 .text.net_buf_alloc_len
                0x00002e18       0xfc zephyr/lib/net_buf/liblib__net_buf.a(buf.c.obj)
                0x00002e18                net_buf_alloc_len
 .text.net_buf_unref
                0x00002f14       0x50 zephyr/lib/net_buf/liblib__net_buf.a(buf.c.obj)
                0x00002f14                net_buf_unref
 .text.nordicsemi_nrf52_init
                0x00002f64       0x18 zephyr/soc/soc/nrf52832/libsoc__nordic.a(soc.c.obj)
 .text.arch_busy_wait
                0x00002f7c       0x24 zephyr/soc/soc/nrf52832/libsoc__nordic.a(soc.c.obj)
                0x00002f7c                arch_busy_wait
 .text.sys_arch_reboot
                0x00002fa0       0x24 zephyr/soc/soc/nrf52832/libsoc__nordic.a(reboot.c.obj)
                0x00002fa0                sys_arch_reboot
 .text.gppi_init
                0x00002fc4       0x20 zephyr/soc/soc/nrf52832/libsoc__nordic.a(gppi_init.c.obj)
 .text.mcumgr_handlers_init
                0x00002fe4       0x24 zephyr/subsys/mgmt/mcumgr/mgmt/libmcumgr_mgmt.a(mgmt.c.obj)
 .text.mgmt_find_group
                0x00003008       0x28 zephyr/subsys/mgmt/mcumgr/mgmt/libmcumgr_mgmt.a(mgmt.c.obj)
                0x00003008                mgmt_find_group
 .text.mgmt_find_error_translation_function
                0x00003030       0x2c zephyr/subsys/mgmt/mcumgr/mgmt/libmcumgr_mgmt.a(mgmt.c.obj)
                0x00003030                mgmt_find_error_translation_function
 .text.mgmt_register_group
                0x0000305c       0x1c zephyr/subsys/mgmt/mcumgr/mgmt/libmcumgr_mgmt.a(mgmt.c.obj)
                0x0000305c                mgmt_register_group
 .text.smp_process_request_packet
                0x00003078      0x2d0 zephyr/subsys/mgmt/mcumgr/smp/libmcumgr_smp.a(smp.c.obj)
                0x00003078                smp_process_request_packet
 .text.smp_add_cmd_err
                0x00003348       0x80 zephyr/subsys/mgmt/mcumgr/smp/libmcumgr_smp.a(smp.c.obj)
                0x00003348                smp_add_cmd_err
 .text.img_mgmt_write_image_data
                0x000033c8       0x38 zephyr/subsys/mgmt/mcumgr/grp/img_mgmt/libmcumgr_grp_img_mgmt.a(zephyr_img_mgmt.c.obj)
                0x000033c8                img_mgmt_write_image_data
 .text.img_mgmt_erase_image_data
                0x00003400       0x94 zephyr/subsys/mgmt/mcumgr/grp/img_mgmt/libmcumgr_grp_img_mgmt.a(zephyr_img_mgmt.c.obj)
                0x00003400                img_mgmt_erase_image_data
 .text.img_mgmt_upload_inspect
                0x00003494      0x11c zephyr/subsys/mgmt/mcumgr/grp/img_mgmt/libmcumgr_grp_img_mgmt.a(zephyr_img_mgmt.c.obj)
                0x00003494                img_mgmt_upload_inspect
 .text.img_mgmt_state_encode_slot.isra.0
                0x000035b0      0x170 zephyr/subsys/mgmt/mcumgr/grp/img_mgmt/libmcumgr_grp_img_mgmt.a(img_mgmt_state.c.obj)
 .text.img_mgmt_state_read
                0x00003720       0xe4 zephyr/subsys/mgmt/mcumgr/grp/img_mgmt/libmcumgr_grp_img_mgmt.a(img_mgmt_state.c.obj)
                0x00003720                img_mgmt_state_read
 .text.img_mgmt_set_next_boot_slot
                0x00003804       0xbc zephyr/subsys/mgmt/mcumgr/grp/img_mgmt/libmcumgr_grp_img_mgmt.a(img_mgmt_state.c.obj)
                0x00003804                img_mgmt_set_next_boot_slot
 .text.img_mgmt_state_write
                0x000038c0       0xe8 zephyr/subsys/mgmt/mcumgr/grp/img_mgmt/libmcumgr_grp_img_mgmt.a(img_mgmt_state.c.obj)
                0x000038c0                img_mgmt_state_write
 .text.img_mgmt_ver_str
                0x000039a8       0x48 zephyr/subsys/mgmt/mcumgr/grp/img_mgmt/libmcumgr_grp_img_mgmt.a(img_mgmt_util.c.obj)
                0x000039a8                img_mgmt_ver_str
 .text.img_mgmt_translate_error_code
                0x000039f0       0x14 zephyr/subsys/mgmt/mcumgr/grp/img_mgmt/libmcumgr_grp_img_mgmt.a(img_mgmt.c.obj)
 .text.img_mgmt_reset_upload
                0x00003a04       0x1c zephyr/subsys/mgmt/mcumgr/grp/img_mgmt/libmcumgr_grp_img_mgmt.a(img_mgmt.c.obj)
 .text.img_mgmt_register_group
                0x00003a20        0xc zephyr/subsys/mgmt/mcumgr/grp/img_mgmt/libmcumgr_grp_img_mgmt.a(img_mgmt.c.obj)
 .text.img_mgmt_upload_good_rsp.isra.0
                0x00003a2c       0x30 zephyr/subsys/mgmt/mcumgr/grp/img_mgmt/libmcumgr_grp_img_mgmt.a(img_mgmt.c.obj)
 .text.img_mgmt_read_info
                0x00003a5c      0x134 zephyr/subsys/mgmt/mcumgr/grp/img_mgmt/libmcumgr_grp_img_mgmt.a(img_mgmt.c.obj)
                0x00003a5c                img_mgmt_read_info
 .text.img_mgmt_erase
                0x00003b90       0x7c zephyr/subsys/mgmt/mcumgr/grp/img_mgmt/libmcumgr_grp_img_mgmt.a(img_mgmt.c.obj)
 .text.img_mgmt_upload
                0x00003c0c      0x1e4 zephyr/subsys/mgmt/mcumgr/grp/img_mgmt/libmcumgr_grp_img_mgmt.a(img_mgmt.c.obj)
 .text.os_mgmt_register_group
                0x00003df0        0xc zephyr/subsys/mgmt/mcumgr/grp/os_mgmt/libmcumgr_grp_os_mgmt.a(os_mgmt.c.obj)
 .text.os_mgmt_reset
                0x00003dfc       0x18 zephyr/subsys/mgmt/mcumgr/grp/os_mgmt/libmcumgr_grp_os_mgmt.a(os_mgmt.c.obj)
 .text.os_mgmt_echo
                0x00003e14       0x64 zephyr/subsys/mgmt/mcumgr/grp/os_mgmt/libmcumgr_grp_os_mgmt.a(os_mgmt.c.obj)
 .text.smp_init
                0x00003e78       0x30 zephyr/subsys/mgmt/mcumgr/transport/libmcumgr_transport.a(smp.c.obj)
 .text.smp_packet_alloc
                0x00003ea8       0x10 zephyr/subsys/mgmt/mcumgr/transport/libmcumgr_transport.a(smp.c.obj)
                0x00003ea8                smp_packet_alloc
 .text.smp_transport_init
                0x00003eb8       0x24 zephyr/subsys/mgmt/mcumgr/transport/libmcumgr_transport.a(smp.c.obj)
                0x00003eb8                smp_transport_init
 .text.smp_rx_req
                0x00003edc       0x1c zephyr/subsys/mgmt/mcumgr/transport/libmcumgr_transport.a(smp.c.obj)
                0x00003edc                smp_rx_req
 .text.smp_rx_remove_invalid
                0x00003ef8       0x7c zephyr/subsys/mgmt/mcumgr/transport/libmcumgr_transport.a(smp.c.obj)
                0x00003ef8                smp_rx_remove_invalid
 .text.conn_param_data_get
                0x00003f74       0x14 zephyr/subsys/mgmt/mcumgr/transport/libmcumgr_transport.a(smp_bt.c.obj)
 .text.disconnected
                0x00003f88       0x2c zephyr/subsys/mgmt/mcumgr/transport/libmcumgr_transport.a(smp_bt.c.obj)
 .text.smp_bt_setup
                0x00003fb4       0x50 zephyr/subsys/mgmt/mcumgr/transport/libmcumgr_transport.a(smp_bt.c.obj)
 .text.smp_bt_tx_pkt
                0x00004004      0x108 zephyr/subsys/mgmt/mcumgr/transport/libmcumgr_transport.a(smp_bt.c.obj)
 .text.smp_bt_chr_write
                0x0000410c       0x5c zephyr/subsys/mgmt/mcumgr/transport/libmcumgr_transport.a(smp_bt.c.obj)
 .text.connected
                0x00004168       0x30 zephyr/subsys/mgmt/mcumgr/transport/libmcumgr_transport.a(smp_bt.c.obj)
 .text.bt_addr_le_tmp_str
                0x00004198       0x98 zephyr/subsys/bluetooth/common/libsubsys__bluetooth__common.a(addr.c.obj)
                0x00004198                bt_addr_le_tmp_str
 .text.long_wq_init
                0x00004230       0x38 zephyr/subsys/bluetooth/host/libsubsys__bluetooth__host.a(long_wq.c.obj)
 .text.bt_long_wq_schedule
                0x00004268        0xc zephyr/subsys/bluetooth/host/libsubsys__bluetooth__host.a(long_wq.c.obj)
                0x00004268                bt_long_wq_schedule
 .text.bt_long_wq_submit
                0x00004274        0xc zephyr/subsys/bluetooth/host/libsubsys__bluetooth__host.a(long_wq.c.obj)
                0x00004274                bt_long_wq_submit
 .text.bt_uuid_to_uuid
                0x00004280       0x68 zephyr/subsys/bluetooth/host/libsubsys__bluetooth__host.a(uuid.c.obj)
 .text.hci_rx_pool_destroy
                0x000042e8       0x34 zephyr/subsys/bluetooth/host/libsubsys__bluetooth__host.a(buf.c.obj)
 .text.bt_buf_get_rx
                0x0000431c       0x30 zephyr/subsys/bluetooth/host/libsubsys__bluetooth__host.a(buf.c.obj)
                0x0000431c                bt_buf_get_rx
 .text.bt_buf_get_evt
                0x0000434c       0x3c zephyr/subsys/bluetooth/host/libsubsys__bluetooth__host.a(buf.c.obj)
                0x0000434c                bt_buf_get_evt
 .text.bt_tx_processor_init
                0x00004388       0x30 zephyr/subsys/bluetooth/host/libsubsys__bluetooth__host.a(hci_core.c.obj)
 .text.hci_disconn_complete_prio
                0x000043b8       0x4c zephyr/subsys/bluetooth/host/libsubsys__bluetooth__host.a(hci_core.c.obj)
 .text.find_pending_connect.part.0
                0x00004404       0x2c zephyr/subsys/bluetooth/host/libsubsys__bluetooth__host.a(hci_core.c.obj)
 .text.hci_vendor_event
                0x00004430       0x20 zephyr/subsys/bluetooth/host/libsubsys__bluetooth__host.a(hci_core.c.obj)
 .text.hci_le_meta_event
                0x00004450       0x20 zephyr/subsys/bluetooth/host/libsubsys__bluetooth__host.a(hci_core.c.obj)
 .text.rx_work_handler
                0x00004470       0xe8 zephyr/subsys/bluetooth/host/libsubsys__bluetooth__host.a(hci_core.c.obj)
 .text.hci_le_meta_prio_event
                0x00004558       0x20 zephyr/subsys/bluetooth/host/libsubsys__bluetooth__host.a(hci_core.c.obj)
 .text.bt_recv  0x00004578      0x114 zephyr/subsys/bluetooth/host/libsubsys__bluetooth__host.a(hci_core.c.obj)
 .text.hci_cmd_done
                0x0000468c       0xfc zephyr/subsys/bluetooth/host/libsubsys__bluetooth__host.a(hci_core.c.obj)
 .text.hci_reset_complete
                0x00004788       0x2c zephyr/subsys/bluetooth/host/libsubsys__bluetooth__host.a(hci_core.c.obj)
 .text.bt_hci_cmd_state_set_init
                0x000047b4       0x24 zephyr/subsys/bluetooth/host/libsubsys__bluetooth__host.a(hci_core.c.obj)
                0x000047b4                bt_hci_cmd_state_set_init
 .text.bt_hci_cmd_alloc
                0x000047d8       0x50 zephyr/subsys/bluetooth/host/libsubsys__bluetooth__host.a(hci_core.c.obj)
                0x000047d8                bt_hci_cmd_alloc
 .text.bt_security_err_get
                0x00004828       0x10 zephyr/subsys/bluetooth/host/libsubsys__bluetooth__host.a(hci_core.c.obj)
                0x00004828                bt_security_err_get
 .text.bt_send  0x00004838       0x14 zephyr/subsys/bluetooth/host/libsubsys__bluetooth__host.a(hci_core.c.obj)
                0x00004838                bt_send
 .text.bt_finalize_init
                0x0000484c        0xc zephyr/subsys/bluetooth/host/libsubsys__bluetooth__host.a(hci_core.c.obj)
                0x0000484c                bt_finalize_init
 .text.bt_get_name
                0x00004858        0x8 zephyr/subsys/bluetooth/host/libsubsys__bluetooth__host.a(hci_core.c.obj)
                0x00004858                bt_get_name
 .text.bt_tx_irq_raise
                0x00004860       0x10 zephyr/subsys/bluetooth/host/libsubsys__bluetooth__host.a(hci_core.c.obj)
                0x00004860                bt_tx_irq_raise
 .text.bt_hci_cmd_send
                0x00004870       0x90 zephyr/subsys/bluetooth/host/libsubsys__bluetooth__host.a(hci_core.c.obj)
                0x00004870                bt_hci_cmd_send
 .text.bt_hci_cmd_send_sync
                0x00004900      0x10c zephyr/subsys/bluetooth/host/libsubsys__bluetooth__host.a(hci_core.c.obj)
                0x00004900                bt_hci_cmd_send_sync
 .text.bt_hci_le_enh_conn_complete
                0x00004a0c      0x154 zephyr/subsys/bluetooth/host/libsubsys__bluetooth__host.a(hci_core.c.obj)
                0x00004a0c                bt_hci_le_enh_conn_complete
 .text.le_legacy_conn_complete
                0x00004b60       0x80 zephyr/subsys/bluetooth/host/libsubsys__bluetooth__host.a(hci_core.c.obj)
 .text.init_work
                0x00004be0       0x18 zephyr/subsys/bluetooth/host/libsubsys__bluetooth__host.a(hci_core.c.obj)
 .text.bt_enable
                0x00004bf8       0xc8 zephyr/subsys/bluetooth/host/libsubsys__bluetooth__host.a(hci_core.c.obj)
                0x00004bf8                bt_enable
 .text.hci_cmd_complete
                0x00004cc0       0x3c zephyr/subsys/bluetooth/host/libsubsys__bluetooth__host.a(hci_core.c.obj)
 .text.tx_processor
                0x00004cfc       0xd8 zephyr/subsys/bluetooth/host/libsubsys__bluetooth__host.a(hci_core.c.obj)
 .text.hci_cmd_status
                0x00004dd4       0x30 zephyr/subsys/bluetooth/host/libsubsys__bluetooth__host.a(hci_core.c.obj)
 .text.bt_hci_evt_create
                0x00004e04       0x50 zephyr/subsys/bluetooth/host/libsubsys__bluetooth__host.a(hci_common.c.obj)
                0x00004e04                bt_hci_evt_create
 .text.id_find  0x00004e54       0x30 zephyr/subsys/bluetooth/host/libsubsys__bluetooth__host.a(id.c.obj)
 .text.id_create.constprop.0
                0x00004e84       0x5c zephyr/subsys/bluetooth/host/libsubsys__bluetooth__host.a(id.c.obj)
 .text.set_random_address
                0x00004ee0       0x54 zephyr/subsys/bluetooth/host/libsubsys__bluetooth__host.a(id.c.obj)
 .text.bt_id_pending_keys_update_set
                0x00004f34       0x28 zephyr/subsys/bluetooth/host/libsubsys__bluetooth__host.a(id.c.obj)
                0x00004f34                bt_id_pending_keys_update_set
 .text.bt_id_pending_keys_update
                0x00004f5c       0x34 zephyr/subsys/bluetooth/host/libsubsys__bluetooth__host.a(id.c.obj)
                0x00004f5c                bt_id_pending_keys_update
 .text.bt_id_find_conflict
                0x00004f90       0x20 zephyr/subsys/bluetooth/host/libsubsys__bluetooth__host.a(id.c.obj)
                0x00004f90                bt_id_find_conflict
 .text.bt_id_add
                0x00004fb0      0x114 zephyr/subsys/bluetooth/host/libsubsys__bluetooth__host.a(id.c.obj)
                0x00004fb0                bt_id_add
 .text.bt_id_del
                0x000050c4       0xf4 zephyr/subsys/bluetooth/host/libsubsys__bluetooth__host.a(id.c.obj)
                0x000050c4                bt_id_del
 .text.bt_id_get
                0x000051b8       0x24 zephyr/subsys/bluetooth/host/libsubsys__bluetooth__host.a(id.c.obj)
                0x000051b8                bt_id_get
 .text.bt_id_create
                0x000051dc       0xa0 zephyr/subsys/bluetooth/host/libsubsys__bluetooth__host.a(id.c.obj)
                0x000051dc                bt_id_create
 .text.bt_id_read_public_addr
                0x0000527c       0x6c zephyr/subsys/bluetooth/host/libsubsys__bluetooth__host.a(id.c.obj)
                0x0000527c                bt_id_read_public_addr
 .text.bt_setup_public_id_addr
                0x000052e8       0x20 zephyr/subsys/bluetooth/host/libsubsys__bluetooth__host.a(id.c.obj)
                0x000052e8                bt_setup_public_id_addr
 .text.bt_setup_random_id_addr
                0x00005308       0xac zephyr/subsys/bluetooth/host/libsubsys__bluetooth__host.a(id.c.obj)
                0x00005308                bt_setup_random_id_addr
 .text.bt_id_set_adv_own_addr
                0x000053b4       0xb4 zephyr/subsys/bluetooth/host/libsubsys__bluetooth__host.a(id.c.obj)
                0x000053b4                bt_id_set_adv_own_addr
 .text.bt_id_init
                0x00005468       0x30 zephyr/subsys/bluetooth/host/libsubsys__bluetooth__host.a(id.c.obj)
                0x00005468                bt_id_init
 .text.le_adv_update.constprop.0
                0x00005498       0x58 zephyr/subsys/bluetooth/host/libsubsys__bluetooth__host.a(adv.c.obj)
 .text.bt_le_ext_adv_foreach
                0x000054f0        0xc zephyr/subsys/bluetooth/host/libsubsys__bluetooth__host.a(adv.c.obj)
                0x000054f0                bt_le_ext_adv_foreach
 .text.bt_le_adv_lookup_legacy
                0x000054fc        0x8 zephyr/subsys/bluetooth/host/libsubsys__bluetooth__host.a(adv.c.obj)
                0x000054fc                bt_le_adv_lookup_legacy
 .text.bt_le_adv_start
                0x00005504      0x398 zephyr/subsys/bluetooth/host/libsubsys__bluetooth__host.a(adv.c.obj)
                0x00005504                bt_le_adv_start
 .text.bt_le_adv_stop
                0x0000589c       0x7c zephyr/subsys/bluetooth/host/libsubsys__bluetooth__host.a(adv.c.obj)
                0x0000589c                bt_le_adv_stop
 .text.generate_pub_key
                0x00005918      0x114 zephyr/subsys/bluetooth/host/libsubsys__bluetooth__host.a(ecc.c.obj)
 .text.generate_dh_key
                0x00005a2c       0xdc zephyr/subsys/bluetooth/host/libsubsys__bluetooth__host.a(ecc.c.obj)
 .text.bt_pub_key_is_debug
                0x00005b08       0x18 zephyr/subsys/bluetooth/host/libsubsys__bluetooth__host.a(ecc.c.obj)
                0x00005b08                bt_pub_key_is_debug
 .text.bt_pub_key_is_valid
                0x00005b20       0x70 zephyr/subsys/bluetooth/host/libsubsys__bluetooth__host.a(ecc.c.obj)
                0x00005b20                bt_pub_key_is_valid
 .text.bt_pub_key_gen
                0x00005b90       0x98 zephyr/subsys/bluetooth/host/libsubsys__bluetooth__host.a(ecc.c.obj)
                0x00005b90                bt_pub_key_gen
 .text.bt_pub_key_get
                0x00005c28       0x20 zephyr/subsys/bluetooth/host/libsubsys__bluetooth__host.a(ecc.c.obj)
                0x00005c28                bt_pub_key_get
 .text.bt_dh_key_gen
                0x00005c48       0x98 zephyr/subsys/bluetooth/host/libsubsys__bluetooth__host.a(ecc.c.obj)
                0x00005c48                bt_dh_key_gen
 .text.notify_connected
                0x00005ce0       0x40 zephyr/subsys/bluetooth/host/libsubsys__bluetooth__host.a(conn.c.obj)
 .text.frag_destroy
                0x00005d20       0x20 zephyr/subsys/bluetooth/host/libsubsys__bluetooth__host.a(conn.c.obj)
 .text.conn_tx_destroy
                0x00005d40       0x2c zephyr/subsys/bluetooth/host/libsubsys__bluetooth__host.a(conn.c.obj)
 .text.perform_auto_initiated_procedures
                0x00005d6c       0x64 zephyr/subsys/bluetooth/host/libsubsys__bluetooth__host.a(conn.c.obj)
 .text.recycled_work_handler
                0x00005dd0       0x54 zephyr/subsys/bluetooth/host/libsubsys__bluetooth__host.a(conn.c.obj)
 .text.tx_notify_process
                0x00005e24       0x58 zephyr/subsys/bluetooth/host/libsubsys__bluetooth__host.a(conn.c.obj)
 .text.bt_conn_get_pkts
                0x00005e7c       0x18 zephyr/subsys/bluetooth/host/libsubsys__bluetooth__host.a(conn.c.obj)
                0x00005e7c                bt_conn_get_pkts
 .text.bt_conn_tx_notify
                0x00005e94       0x48 zephyr/subsys/bluetooth/host/libsubsys__bluetooth__host.a(conn.c.obj)
                0x00005e94                bt_conn_tx_notify
 .text.bt_conn_new
                0x00005edc       0x64 zephyr/subsys/bluetooth/host/libsubsys__bluetooth__host.a(conn.c.obj)
                0x00005edc                bt_conn_new
 .text.bt_conn_unref
                0x00005f40       0x58 zephyr/subsys/bluetooth/host/libsubsys__bluetooth__host.a(conn.c.obj)
                0x00005f40                bt_conn_unref
 .text.bt_conn_data_ready
                0x00005f98       0x48 zephyr/subsys/bluetooth/host/libsubsys__bluetooth__host.a(conn.c.obj)
                0x00005f98                bt_conn_data_ready
 .text.bt_conn_set_state
                0x00005fe0       0xf0 zephyr/subsys/bluetooth/host/libsubsys__bluetooth__host.a(conn.c.obj)
                0x00005fe0                bt_conn_set_state
 .text.bt_conn_foreach
                0x000060d0       0x30 zephyr/subsys/bluetooth/host/libsubsys__bluetooth__host.a(conn.c.obj)
                0x000060d0                bt_conn_foreach
 .text.auto_initiated_procedures
                0x00006100       0x10 zephyr/subsys/bluetooth/host/libsubsys__bluetooth__host.a(conn.c.obj)
 .text.bt_conn_lookup_handle
                0x00006110       0x38 zephyr/subsys/bluetooth/host/libsubsys__bluetooth__host.a(conn.c.obj)
                0x00006110                bt_conn_lookup_handle
 .text.bt_conn_index
                0x00006148       0x18 zephyr/subsys/bluetooth/host/libsubsys__bluetooth__host.a(conn.c.obj)
                0x00006148                bt_conn_index
 .text.bt_conn_create_pdu_timeout
                0x00006160       0x4c zephyr/subsys/bluetooth/host/libsubsys__bluetooth__host.a(conn.c.obj)
                0x00006160                bt_conn_create_pdu_timeout
 .text.bt_conn_connected
                0x000061ac       0x20 zephyr/subsys/bluetooth/host/libsubsys__bluetooth__host.a(conn.c.obj)
                0x000061ac                bt_conn_connected
 .text.bt_conn_tx_processor
                0x000061cc      0x2d0 zephyr/subsys/bluetooth/host/libsubsys__bluetooth__host.a(conn.c.obj)
                0x000061cc                bt_conn_tx_processor
 .text.bt_conn_notify_le_param_updated
                0x0000649c       0xa4 zephyr/subsys/bluetooth/host/libsubsys__bluetooth__host.a(conn.c.obj)
                0x0000649c                bt_conn_notify_le_param_updated
 .text.bt_conn_le_param_req
                0x00006540       0x78 zephyr/subsys/bluetooth/host/libsubsys__bluetooth__host.a(conn.c.obj)
                0x00006540                bt_conn_le_param_req
 .text.bt_conn_identity_resolved
                0x000065b8       0x60 zephyr/subsys/bluetooth/host/libsubsys__bluetooth__host.a(conn.c.obj)
                0x000065b8                bt_conn_identity_resolved
 .text.bt_conn_security_changed
                0x00006618       0x50 zephyr/subsys/bluetooth/host/libsubsys__bluetooth__host.a(conn.c.obj)
                0x00006618                bt_conn_security_changed
 .text.bt_conn_add_le
                0x00006668       0x58 zephyr/subsys/bluetooth/host/libsubsys__bluetooth__host.a(conn.c.obj)
                0x00006668                bt_conn_add_le
 .text.bt_conn_lookup_addr_le
                0x000066c0       0x34 zephyr/subsys/bluetooth/host/libsubsys__bluetooth__host.a(conn.c.obj)
                0x000066c0                bt_conn_lookup_addr_le
 .text.bt_conn_lookup_state_le
                0x000066f4       0x44 zephyr/subsys/bluetooth/host/libsubsys__bluetooth__host.a(conn.c.obj)
                0x000066f4                bt_conn_lookup_state_le
 .text.bt_conn_get_info
                0x00006738       0xd4 zephyr/subsys/bluetooth/host/libsubsys__bluetooth__host.a(conn.c.obj)
                0x00006738                bt_conn_get_info
 .text.send_conn_le_param_update
                0x0000680c       0x6c zephyr/subsys/bluetooth/host/libsubsys__bluetooth__host.a(conn.c.obj)
 .text.deferred_work
                0x00006878       0xec zephyr/subsys/bluetooth/host/libsubsys__bluetooth__host.a(conn.c.obj)
 .text.bt_conn_init
                0x00006964       0x44 zephyr/subsys/bluetooth/host/libsubsys__bluetooth__host.a(conn.c.obj)
                0x00006964                bt_conn_init
 .text.l2cap_accept
                0x000069a8       0x1c zephyr/subsys/bluetooth/host/libsubsys__bluetooth__host.a(l2cap.c.obj)
 .text.bt_l2cap_create_pdu_timeout
                0x000069c4       0x34 zephyr/subsys/bluetooth/host/libsubsys__bluetooth__host.a(l2cap.c.obj)
                0x000069c4                bt_l2cap_create_pdu_timeout
 .text.l2cap_data_pull
                0x000069f8       0xd4 zephyr/subsys/bluetooth/host/libsubsys__bluetooth__host.a(l2cap.c.obj)
                0x000069f8                l2cap_data_pull
 .text.bt_l2cap_connected
                0x00006acc       0xac zephyr/subsys/bluetooth/host/libsubsys__bluetooth__host.a(l2cap.c.obj)
                0x00006acc                bt_l2cap_connected
 .text.bt_l2cap_update_conn_param
                0x00006b78       0x58 zephyr/subsys/bluetooth/host/libsubsys__bluetooth__host.a(l2cap.c.obj)
                0x00006b78                bt_l2cap_update_conn_param
 .text.att_op_get_type
                0x00006bd0       0x74 zephyr/subsys/bluetooth/host/libsubsys__bluetooth__host.a(att.c.obj)
 .text.chan_send
                0x00006c44       0xb0 zephyr/subsys/bluetooth/host/libsubsys__bluetooth__host.a(att.c.obj)
 .text.bt_att_chan_create_pdu
                0x00006cf4       0x98 zephyr/subsys/bluetooth/host/libsubsys__bluetooth__host.a(att.c.obj)
 .text.bt_att_released
                0x00006d8c       0x2c zephyr/subsys/bluetooth/host/libsubsys__bluetooth__host.a(att.c.obj)
 .text.att_create_rsp_pdu
                0x00006db8       0x48 zephyr/subsys/bluetooth/host/libsubsys__bluetooth__host.a(att.c.obj)
 .text.att_tx_destroy
                0x00006e00       0x50 zephyr/subsys/bluetooth/host/libsubsys__bluetooth__host.a(att.c.obj)
 .text.att_find_info_req
                0x00006e50       0x6c zephyr/subsys/bluetooth/host/libsubsys__bluetooth__host.a(att.c.obj)
 .text.bt_att_connected
                0x00006ebc       0x40 zephyr/subsys/bluetooth/host/libsubsys__bluetooth__host.a(att.c.obj)
 .text.att_read_rsp
                0x00006efc       0x90 zephyr/subsys/bluetooth/host/libsubsys__bluetooth__host.a(att.c.obj)
 .text.att_read_mult_req
                0x00006f8c       0x94 zephyr/subsys/bluetooth/host/libsubsys__bluetooth__host.a(att.c.obj)
 .text.att_read_mult_vl_req
                0x00007020       0x94 zephyr/subsys/bluetooth/host/libsubsys__bluetooth__host.a(att.c.obj)
 .text.att_find_type_req
                0x000070b4       0xc0 zephyr/subsys/bluetooth/host/libsubsys__bluetooth__host.a(att.c.obj)
 .text.att_read_type_req
                0x00007174      0x114 zephyr/subsys/bluetooth/host/libsubsys__bluetooth__host.a(att.c.obj)
 .text.att_read_group_req
                0x00007288       0xf0 zephyr/subsys/bluetooth/host/libsubsys__bluetooth__host.a(att.c.obj)
 .text.att_write_rsp.constprop.0
                0x00007378       0xc0 zephyr/subsys/bluetooth/host/libsubsys__bluetooth__host.a(att.c.obj)
 .text.bt_att_recv
                0x00007438       0x94 zephyr/subsys/bluetooth/host/libsubsys__bluetooth__host.a(att.c.obj)
 .text.read_group_cb
                0x000074cc       0xb8 zephyr/subsys/bluetooth/host/libsubsys__bluetooth__host.a(att.c.obj)
 .text.read_type_cb
                0x00007584       0xc0 zephyr/subsys/bluetooth/host/libsubsys__bluetooth__host.a(att.c.obj)
 .text.bt_att_accept
                0x00007644       0xcc zephyr/subsys/bluetooth/host/libsubsys__bluetooth__host.a(att.c.obj)
 .text.att_tx_destroy_work_handler
                0x00007710      0x12c zephyr/subsys/bluetooth/host/libsubsys__bluetooth__host.a(att.c.obj)
 .text.bt_att_req_alloc
                0x0000783c       0x58 zephyr/subsys/bluetooth/host/libsubsys__bluetooth__host.a(att.c.obj)
                0x0000783c                bt_att_req_alloc
 .text.bt_att_req_free
                0x00007894       0x34 zephyr/subsys/bluetooth/host/libsubsys__bluetooth__host.a(att.c.obj)
                0x00007894                bt_att_req_free
 .text.att_handle_rsp.isra.0
                0x000078c8       0x6c zephyr/subsys/bluetooth/host/libsubsys__bluetooth__host.a(att.c.obj)
 .text.bt_att_disconnected
                0x00007934       0xc8 zephyr/subsys/bluetooth/host/libsubsys__bluetooth__host.a(att.c.obj)
 .text.bt_att_set_tx_meta_data
                0x000079fc       0x24 zephyr/subsys/bluetooth/host/libsubsys__bluetooth__host.a(att.c.obj)
                0x000079fc                bt_att_set_tx_meta_data
 .text.find_cf_cfg
                0x00007a20       0x64 zephyr/subsys/bluetooth/host/libsubsys__bluetooth__host.a(gatt.c.obj)
 .text.find_sc_cfg
                0x00007a84       0x44 zephyr/subsys/bluetooth/host/libsubsys__bluetooth__host.a(gatt.c.obj)
 .text.find_ccc_cfg
                0x00007ac8       0x48 zephyr/subsys/bluetooth/host/libsubsys__bluetooth__host.a(gatt.c.obj)
 .text.clear_cf_cfg
                0x00007b10       0x2c zephyr/subsys/bluetooth/host/libsubsys__bluetooth__host.a(gatt.c.obj)
 .text.sc_save  0x00007b3c       0x54 zephyr/subsys/bluetooth/host/libsubsys__bluetooth__host.a(gatt.c.obj)
 .text.disconnected_cb
                0x00007b90       0xb4 zephyr/subsys/bluetooth/host/libsubsys__bluetooth__host.a(gatt.c.obj)
 .text.bt_gatt_attr_write_ccc
                0x00007c44       0xa8 zephyr/subsys/bluetooth/host/libsubsys__bluetooth__host.a(gatt.c.obj)
                0x00007c44                bt_gatt_attr_write_ccc
 .text.sc_indicate_rsp
                0x00007cec       0x58 zephyr/subsys/bluetooth/host/libsubsys__bluetooth__host.a(gatt.c.obj)
 .text.bt_gatt_init
                0x00007d44       0x78 zephyr/subsys/bluetooth/host/libsubsys__bluetooth__host.a(gatt.c.obj)
                0x00007d44                bt_gatt_init
 .text.bt_gatt_attr_get_handle
                0x00007dbc       0x60 zephyr/subsys/bluetooth/host/libsubsys__bluetooth__host.a(gatt.c.obj)
                0x00007dbc                bt_gatt_attr_get_handle
 .text.bt_gatt_foreach_attr_type
                0x00007e1c       0xb4 zephyr/subsys/bluetooth/host/libsubsys__bluetooth__host.a(gatt.c.obj)
                0x00007e1c                bt_gatt_foreach_attr_type
 .text.db_hash_gen
                0x00007ed0       0xbc zephyr/subsys/bluetooth/host/libsubsys__bluetooth__host.a(gatt.c.obj)
 .text.db_hash_read
                0x00007f8c       0x6c zephyr/subsys/bluetooth/host/libsubsys__bluetooth__host.a(gatt.c.obj)
 .text.db_hash_process
                0x00007ff8       0x1c zephyr/subsys/bluetooth/host/libsubsys__bluetooth__host.a(gatt.c.obj)
 .text.bt_gatt_attr_next
                0x00008014       0x24 zephyr/subsys/bluetooth/host/libsubsys__bluetooth__host.a(gatt.c.obj)
                0x00008014                bt_gatt_attr_next
 .text.gatt_indicate
                0x00008038       0xb0 zephyr/subsys/bluetooth/host/libsubsys__bluetooth__host.a(gatt.c.obj)
 .text.bt_gatt_indicate
                0x000080e8       0xfc zephyr/subsys/bluetooth/host/libsubsys__bluetooth__host.a(gatt.c.obj)
                0x000080e8                bt_gatt_indicate
 .text.sc_process
                0x000081e4       0x68 zephyr/subsys/bluetooth/host/libsubsys__bluetooth__host.a(gatt.c.obj)
 .text.update_ccc
                0x0000824c       0xe0 zephyr/subsys/bluetooth/host/libsubsys__bluetooth__host.a(gatt.c.obj)
 .text.bt_gatt_notify_cb
                0x0000832c       0xf4 zephyr/subsys/bluetooth/host/libsubsys__bluetooth__host.a(gatt.c.obj)
                0x0000832c                bt_gatt_notify_cb
 .text.notify_cb
                0x00008420      0x118 zephyr/subsys/bluetooth/host/libsubsys__bluetooth__host.a(gatt.c.obj)
 .text.bt_gatt_connected
                0x00008538       0x34 zephyr/subsys/bluetooth/host/libsubsys__bluetooth__host.a(gatt.c.obj)
                0x00008538                bt_gatt_connected
 .text.bt_gatt_att_max_mtu_changed
                0x0000856c       0x40 zephyr/subsys/bluetooth/host/libsubsys__bluetooth__host.a(gatt.c.obj)
                0x0000856c                bt_gatt_att_max_mtu_changed
 .text.bt_gatt_encrypt_change
                0x000085ac       0x28 zephyr/subsys/bluetooth/host/libsubsys__bluetooth__host.a(gatt.c.obj)
                0x000085ac                bt_gatt_encrypt_change
 .text.bt_gatt_disconnected
                0x000085d4       0x48 zephyr/subsys/bluetooth/host/libsubsys__bluetooth__host.a(gatt.c.obj)
                0x000085d4                bt_gatt_disconnected
 .text.gatt_gap_svc_validate
                0x0000861c       0x40 zephyr/subsys/bluetooth/host/libsubsys__bluetooth__host.a(gatt_gap_svc_validate.c.obj)
                0x0000861c                gatt_gap_svc_validate
 .text.bt_smp_accept
                0x0000865c       0x24 zephyr/subsys/bluetooth/host/libsubsys__bluetooth__host.a(smp.c.obj)
 .text.smp_find
                0x00008680       0x1c zephyr/subsys/bluetooth/host/libsubsys__bluetooth__host.a(smp.c.obj)
 .text.latch_auth_cb
                0x0000869c       0x3c zephyr/subsys/bluetooth/host/libsubsys__bluetooth__host.a(smp.c.obj)
 .text.get_io_capa
                0x000086d8       0x48 zephyr/subsys/bluetooth/host/libsubsys__bluetooth__host.a(smp.c.obj)
 .text.smp_dhkey_generate
                0x00008720       0x2c zephyr/subsys/bluetooth/host/libsubsys__bluetooth__host.a(smp.c.obj)
 .text.smp_init
                0x0000874c       0x38 zephyr/subsys/bluetooth/host/libsubsys__bluetooth__host.a(smp.c.obj)
 .text.smp_pairing_random
                0x00008784      0x158 zephyr/subsys/bluetooth/host/libsubsys__bluetooth__host.a(smp.c.obj)
 .text.smp_send_pairing_confirm
                0x000088dc       0x78 zephyr/subsys/bluetooth/host/libsubsys__bluetooth__host.a(smp.c.obj)
 .text.smp_public_key_periph
                0x00008954      0x13c zephyr/subsys/bluetooth/host/libsubsys__bluetooth__host.a(smp.c.obj)
 .text.smp_public_key
                0x00008a90       0xa8 zephyr/subsys/bluetooth/host/libsubsys__bluetooth__host.a(smp.c.obj)
 .text.bt_smp_connected
                0x00008b38       0x54 zephyr/subsys/bluetooth/host/libsubsys__bluetooth__host.a(smp.c.obj)
 .text.get_auth
                0x00008b8c       0x68 zephyr/subsys/bluetooth/host/libsubsys__bluetooth__host.a(smp.c.obj)
 .text.smp_pairing_req
                0x00008bf4      0x1ec zephyr/subsys/bluetooth/host/libsubsys__bluetooth__host.a(smp.c.obj)
 .text.bt_smp_start_security
                0x00008de0      0x184 zephyr/subsys/bluetooth/host/libsubsys__bluetooth__host.a(smp.c.obj)
                0x00008de0                bt_smp_start_security
 .text.smp_pairing_complete
                0x00008f64      0x104 zephyr/subsys/bluetooth/host/libsubsys__bluetooth__host.a(smp.c.obj)
 .text.bt_smp_pkey_ready
                0x00009068       0x5c zephyr/subsys/bluetooth/host/libsubsys__bluetooth__host.a(smp.c.obj)
 .text.bt_smp_recv
                0x000090c4       0x84 zephyr/subsys/bluetooth/host/libsubsys__bluetooth__host.a(smp.c.obj)
 .text.smp_ident_addr_info
                0x00009148      0x118 zephyr/subsys/bluetooth/host/libsubsys__bluetooth__host.a(smp.c.obj)
 .text.bt_smp_encrypt_change
                0x00009260       0xec zephyr/subsys/bluetooth/host/libsubsys__bluetooth__host.a(smp.c.obj)
 .text.bt_smp_init
                0x0000934c       0x1c zephyr/subsys/bluetooth/host/libsubsys__bluetooth__host.a(smp.c.obj)
                0x0000934c                bt_smp_init
 .text.bt_keys_get_addr
                0x00009368       0x5c zephyr/subsys/bluetooth/host/libsubsys__bluetooth__host.a(keys.c.obj)
                0x00009368                bt_keys_get_addr
 .text.bt_keys_foreach_type
                0x000093c4       0x28 zephyr/subsys/bluetooth/host/libsubsys__bluetooth__host.a(keys.c.obj)
                0x000093c4                bt_keys_foreach_type
 .text.bt_keys_find
                0x000093ec       0x34 zephyr/subsys/bluetooth/host/libsubsys__bluetooth__host.a(keys.c.obj)
                0x000093ec                bt_keys_find
 .text.bt_keys_find_irk
                0x00009420       0x7c zephyr/subsys/bluetooth/host/libsubsys__bluetooth__host.a(keys.c.obj)
                0x00009420                bt_keys_find_irk
 .text.bt_keys_find_addr
                0x0000949c       0x24 zephyr/subsys/bluetooth/host/libsubsys__bluetooth__host.a(keys.c.obj)
                0x0000949c                bt_keys_find_addr
 .text.bt_crypto_f5
                0x000094c0       0xd0 zephyr/subsys/bluetooth/crypto/libsubsys__bluetooth__crypto.a(bt_crypto.c.obj)
                0x000094c0                bt_crypto_f5
 .text.bt_crypto_g2
                0x00009590       0x5c zephyr/subsys/bluetooth/crypto/libsubsys__bluetooth__crypto.a(bt_crypto.c.obj)
                0x00009590                bt_crypto_g2
 .text.bt_crypto_aes_cmac
                0x000095ec       0x74 zephyr/subsys/bluetooth/crypto/libsubsys__bluetooth__crypto.a(bt_crypto_psa.c.obj)
                0x000095ec                bt_crypto_aes_cmac
 .text.mem_init
                0x00009660       0x48 zephyr/subsys/bluetooth/controller/libsubsys__bluetooth__controller.a(mem.c.obj)
                0x00009660                mem_init
 .text.mem_acquire
                0x000096a8       0x2c zephyr/subsys/bluetooth/controller/libsubsys__bluetooth__controller.a(mem.c.obj)
                0x000096a8                mem_acquire
 .text.mem_release
                0x000096d4       0x28 zephyr/subsys/bluetooth/controller/libsubsys__bluetooth__controller.a(mem.c.obj)
                0x000096d4                mem_release
 .text.mem_get  0x000096fc        0x8 zephyr/subsys/bluetooth/controller/libsubsys__bluetooth__controller.a(mem.c.obj)
                0x000096fc                mem_get
 .text.mem_index_get
                0x00009704        0xc zephyr/subsys/bluetooth/controller/libsubsys__bluetooth__controller.a(mem.c.obj)
                0x00009704                mem_index_get
 .text.mem_rcopy
                0x00009710       0x1c zephyr/subsys/bluetooth/controller/libsubsys__bluetooth__controller.a(mem.c.obj)
                0x00009710                mem_rcopy
 .text.mem_nz   0x0000972c       0x18 zephyr/subsys/bluetooth/controller/libsubsys__bluetooth__controller.a(mem.c.obj)
                0x0000972c                mem_nz
 .text.memq_init
                0x00009744        0x8 zephyr/subsys/bluetooth/controller/libsubsys__bluetooth__controller.a(memq.c.obj)
                0x00009744                memq_init
 .text.memq_deinit
                0x0000974c       0x14 zephyr/subsys/bluetooth/controller/libsubsys__bluetooth__controller.a(memq.c.obj)
                0x0000974c                memq_deinit
 .text.memq_enqueue
                0x00009760       0x14 zephyr/subsys/bluetooth/controller/libsubsys__bluetooth__controller.a(memq.c.obj)
                0x00009760                memq_enqueue
 .text.memq_peek
                0x00009774       0x10 zephyr/subsys/bluetooth/controller/libsubsys__bluetooth__controller.a(memq.c.obj)
                0x00009774                memq_peek
 .text.memq_dequeue
                0x00009784       0x20 zephyr/subsys/bluetooth/controller/libsubsys__bluetooth__controller.a(memq.c.obj)
                0x00009784                memq_dequeue
 .text.mayfly_init
                0x000097a4       0x48 zephyr/subsys/bluetooth/controller/libsubsys__bluetooth__controller.a(mayfly.c.obj)
                0x000097a4                mayfly_init
 .text.mayfly_enable
                0x000097ec       0x68 zephyr/subsys/bluetooth/controller/libsubsys__bluetooth__controller.a(mayfly.c.obj)
                0x000097ec                mayfly_enable
 .text.mayfly_enqueue
                0x00009854       0xc4 zephyr/subsys/bluetooth/controller/libsubsys__bluetooth__controller.a(mayfly.c.obj)
                0x00009854                mayfly_enqueue
 .text.mayfly_run
                0x00009918      0x170 zephyr/subsys/bluetooth/controller/libsubsys__bluetooth__controller.a(mayfly.c.obj)
                0x00009918                mayfly_run
 .text.util_ones_count_get
                0x00009a88       0x28 zephyr/subsys/bluetooth/controller/libsubsys__bluetooth__controller.a(util.c.obj)
                0x00009a88                util_ones_count_get
 .text.ticker_dequeue
                0x00009ab0       0x64 zephyr/subsys/bluetooth/controller/libsubsys__bluetooth__controller.a(ticker.c.obj)
 .text.ticks_to_expire_prep
                0x00009b14       0x48 zephyr/subsys/bluetooth/controller/libsubsys__bluetooth__controller.a(ticker.c.obj)
 .text.start_us.isra.0
                0x00009b5c       0x9c zephyr/subsys/bluetooth/controller/libsubsys__bluetooth__controller.a(ticker.c.obj)
 .text.ticker_job_list_insert
                0x00009bf8      0x1fc zephyr/subsys/bluetooth/controller/libsubsys__bluetooth__controller.a(ticker.c.obj)
 .text.ticker_worker
                0x00009df4      0x3d4 zephyr/subsys/bluetooth/controller/libsubsys__bluetooth__controller.a(ticker.c.obj)
                0x00009df4                ticker_worker
 .text.ticker_job
                0x0000a1c8      0x93c zephyr/subsys/bluetooth/controller/libsubsys__bluetooth__controller.a(ticker.c.obj)
                0x0000a1c8                ticker_job
 .text.ticker_init
                0x0000ab04       0x64 zephyr/subsys/bluetooth/controller/libsubsys__bluetooth__controller.a(ticker.c.obj)
                0x0000ab04                ticker_init
 .text.ticker_deinit
                0x0000ab68       0x20 zephyr/subsys/bluetooth/controller/libsubsys__bluetooth__controller.a(ticker.c.obj)
                0x0000ab68                ticker_deinit
 .text.ticker_is_initialized
                0x0000ab88       0x18 zephyr/subsys/bluetooth/controller/libsubsys__bluetooth__controller.a(ticker.c.obj)
                0x0000ab88                ticker_is_initialized
 .text.ticker_trigger
                0x0000aba0       0x24 zephyr/subsys/bluetooth/controller/libsubsys__bluetooth__controller.a(ticker.c.obj)
                0x0000aba0                ticker_trigger
 .text.ticker_start
                0x0000abc4       0x38 zephyr/subsys/bluetooth/controller/libsubsys__bluetooth__controller.a(ticker.c.obj)
                0x0000abc4                ticker_start
 .text.ticker_start_ext
                0x0000abfc       0x10 zephyr/subsys/bluetooth/controller/libsubsys__bluetooth__controller.a(ticker.c.obj)
                0x0000abfc                ticker_start_ext
 .text.ticker_update_ext
                0x0000ac0c       0x9c zephyr/subsys/bluetooth/controller/libsubsys__bluetooth__controller.a(ticker.c.obj)
                0x0000ac0c                ticker_update_ext
 .text.ticker_update
                0x0000aca8       0x30 zephyr/subsys/bluetooth/controller/libsubsys__bluetooth__controller.a(ticker.c.obj)
                0x0000aca8                ticker_update
 .text.ticker_stop
                0x0000acd8       0x6c zephyr/subsys/bluetooth/controller/libsubsys__bluetooth__controller.a(ticker.c.obj)
                0x0000acd8                ticker_stop
 .text.ticker_stop_abs
                0x0000ad44       0x70 zephyr/subsys/bluetooth/controller/libsubsys__bluetooth__controller.a(ticker.c.obj)
                0x0000ad44                ticker_stop_abs
 .text.ticker_ticks_now_get
                0x0000adb4        0x4 zephyr/subsys/bluetooth/controller/libsubsys__bluetooth__controller.a(ticker.c.obj)
                0x0000adb4                ticker_ticks_now_get
 .text.ticker_ticks_diff_get
                0x0000adb8        0x8 zephyr/subsys/bluetooth/controller/libsubsys__bluetooth__controller.a(ticker.c.obj)
                0x0000adb8                ticker_ticks_diff_get
 .text.ll_feat_get
                0x0000adc0        0xc zephyr/subsys/bluetooth/controller/libsubsys__bluetooth__controller.a(ll_feat.c.obj)
                0x0000adc0                ll_feat_get
 .text.ll_tx_pwr_lvl_get
                0x0000adcc       0x20 zephyr/subsys/bluetooth/controller/libsubsys__bluetooth__controller.a(ll_tx_pwr.c.obj)
                0x0000adcc                ll_tx_pwr_lvl_get
 .text.ll_tx_pwr_get
                0x0000adec        0x8 zephyr/subsys/bluetooth/controller/libsubsys__bluetooth__controller.a(ll_tx_pwr.c.obj)
                0x0000adec                ll_tx_pwr_get
 .text.ll_addr_set
                0x0000adf4       0x38 zephyr/subsys/bluetooth/controller/libsubsys__bluetooth__controller.a(ll_addr.c.obj)
                0x0000adf4                ll_addr_set
 .text.ll_addr_get
                0x0000ae2c       0x1c zephyr/subsys/bluetooth/controller/libsubsys__bluetooth__controller.a(ll_addr.c.obj)
                0x0000ae2c                ll_addr_get
 .text.ll_addr_read
                0x0000ae48       0x28 zephyr/subsys/bluetooth/controller/libsubsys__bluetooth__controller.a(ll_addr.c.obj)
                0x0000ae48                ll_addr_read
 .text.perform_lll_reset
                0x0000ae70       0x40 zephyr/subsys/bluetooth/controller/libsubsys__bluetooth__controller.a(ull.c.obj)
 .text.ull_ticker_status_give
                0x0000aeb0        0xc zephyr/subsys/bluetooth/controller/libsubsys__bluetooth__controller.a(ull.c.obj)
                0x0000aeb0                ull_ticker_status_give
 .text.disabled_cb
                0x0000aebc        0x4 zephyr/subsys/bluetooth/controller/libsubsys__bluetooth__controller.a(ull.c.obj)
 .text.tx_cmplt_get
                0x0000aec0       0xc0 zephyr/subsys/bluetooth/controller/libsubsys__bluetooth__controller.a(ull.c.obj)
 .text.rx_replenish
                0x0000af80       0xe4 zephyr/subsys/bluetooth/controller/libsubsys__bluetooth__controller.a(ull.c.obj)
 .text.init_reset.isra.0
                0x0000b064       0xe8 zephyr/subsys/bluetooth/controller/libsubsys__bluetooth__controller.a(ull.c.obj)
 .text.rx_demux
                0x0000b14c      0x208 zephyr/subsys/bluetooth/controller/libsubsys__bluetooth__controller.a(ull.c.obj)
 .text.ll_init  0x0000b354       0xc8 zephyr/subsys/bluetooth/controller/libsubsys__bluetooth__controller.a(ull.c.obj)
                0x0000b354                ll_init
 .text.ll_reset
                0x0000b41c       0x9c zephyr/subsys/bluetooth/controller/libsubsys__bluetooth__controller.a(ull.c.obj)
                0x0000b41c                ll_reset
 .text.ll_deinit
                0x0000b4b8       0x18 zephyr/subsys/bluetooth/controller/libsubsys__bluetooth__controller.a(ull.c.obj)
                0x0000b4b8                ll_deinit
 .text.ll_rx_get
                0x0000b4d0       0xc8 zephyr/subsys/bluetooth/controller/libsubsys__bluetooth__controller.a(ull.c.obj)
                0x0000b4d0                ll_rx_get
 .text.ll_rx_dequeue
                0x0000b598       0xe4 zephyr/subsys/bluetooth/controller/libsubsys__bluetooth__controller.a(ull.c.obj)
                0x0000b598                ll_rx_dequeue
 .text.ll_rx_mem_release
                0x0000b67c       0xdc zephyr/subsys/bluetooth/controller/libsubsys__bluetooth__controller.a(ull.c.obj)
                0x0000b67c                ll_rx_mem_release
 .text.ll_rx_link_alloc
                0x0000b758        0xc zephyr/subsys/bluetooth/controller/libsubsys__bluetooth__controller.a(ull.c.obj)
                0x0000b758                ll_rx_link_alloc
 .text.ll_rx_link_release
                0x0000b764        0xc zephyr/subsys/bluetooth/controller/libsubsys__bluetooth__controller.a(ull.c.obj)
                0x0000b764                ll_rx_link_release
 .text.ll_rx_alloc
                0x0000b770        0xc zephyr/subsys/bluetooth/controller/libsubsys__bluetooth__controller.a(ull.c.obj)
                0x0000b770                ll_rx_alloc
 .text.ll_rx_release
                0x0000b77c        0xc zephyr/subsys/bluetooth/controller/libsubsys__bluetooth__controller.a(ull.c.obj)
                0x0000b77c                ll_rx_release
 .text.ll_rx_put
                0x0000b788       0x18 zephyr/subsys/bluetooth/controller/libsubsys__bluetooth__controller.a(ull.c.obj)
                0x0000b788                ll_rx_put
 .text.ll_rx_put_sched
                0x0000b7a0       0x28 zephyr/subsys/bluetooth/controller/libsubsys__bluetooth__controller.a(ull.c.obj)
                0x0000b7a0                ll_rx_put_sched
 .text.ll_pdu_rx_alloc_peek
                0x0000b7c8       0x34 zephyr/subsys/bluetooth/controller/libsubsys__bluetooth__controller.a(ull.c.obj)
                0x0000b7c8                ll_pdu_rx_alloc_peek
 .text.ll_pdu_rx_alloc
                0x0000b7fc       0x24 zephyr/subsys/bluetooth/controller/libsubsys__bluetooth__controller.a(ull.c.obj)
                0x0000b7fc                ll_pdu_rx_alloc
 .text.ll_tx_ack_put
                0x0000b820       0x3c zephyr/subsys/bluetooth/controller/libsubsys__bluetooth__controller.a(ull.c.obj)
                0x0000b820                ll_tx_ack_put
 .text.ll_timeslice_ticker_id_get
                0x0000b85c        0xc zephyr/subsys/bluetooth/controller/libsubsys__bluetooth__controller.a(ull.c.obj)
                0x0000b85c                ll_timeslice_ticker_id_get
 .text.ll_radio_state_abort
                0x0000b868       0x1c zephyr/subsys/bluetooth/controller/libsubsys__bluetooth__controller.a(ull.c.obj)
                0x0000b868                ll_radio_state_abort
 .text.ull_ticker_status_take
                0x0000b884       0x24 zephyr/subsys/bluetooth/controller/libsubsys__bluetooth__controller.a(ull.c.obj)
                0x0000b884                ull_ticker_status_take
 .text.ull_disable_mark
                0x0000b8a8       0x18 zephyr/subsys/bluetooth/controller/libsubsys__bluetooth__controller.a(ull.c.obj)
                0x0000b8a8                ull_disable_mark
 .text.ull_disable_unmark
                0x0000b8c0       0x18 zephyr/subsys/bluetooth/controller/libsubsys__bluetooth__controller.a(ull.c.obj)
                0x0000b8c0                ull_disable_unmark
 .text.ull_disable_mark_get
                0x0000b8d8        0xc zephyr/subsys/bluetooth/controller/libsubsys__bluetooth__controller.a(ull.c.obj)
                0x0000b8d8                ull_disable_mark_get
 .text.ull_update_mark
                0x0000b8e4       0x18 zephyr/subsys/bluetooth/controller/libsubsys__bluetooth__controller.a(ull.c.obj)
                0x0000b8e4                ull_update_mark
 .text.ull_update_unmark
                0x0000b8fc       0x18 zephyr/subsys/bluetooth/controller/libsubsys__bluetooth__controller.a(ull.c.obj)
                0x0000b8fc                ull_update_unmark
 .text.ull_update_mark_get
                0x0000b914        0xc zephyr/subsys/bluetooth/controller/libsubsys__bluetooth__controller.a(ull.c.obj)
                0x0000b914                ull_update_mark_get
 .text.ull_disable
                0x0000b920       0x54 zephyr/subsys/bluetooth/controller/libsubsys__bluetooth__controller.a(ull.c.obj)
                0x0000b920                ull_disable
 .text.ull_ticker_stop_with_mark
                0x0000b974       0xa0 zephyr/subsys/bluetooth/controller/libsubsys__bluetooth__controller.a(ull.c.obj)
                0x0000b974                ull_ticker_stop_with_mark
 .text.ull_pdu_rx_alloc_peek
                0x0000ba14       0x34 zephyr/subsys/bluetooth/controller/libsubsys__bluetooth__controller.a(ull.c.obj)
                0x0000ba14                ull_pdu_rx_alloc_peek
 .text.ull_pdu_rx_alloc
                0x0000ba48       0x24 zephyr/subsys/bluetooth/controller/libsubsys__bluetooth__controller.a(ull.c.obj)
                0x0000ba48                ull_pdu_rx_alloc
 .text.ull_rx_put
                0x0000ba6c       0x20 zephyr/subsys/bluetooth/controller/libsubsys__bluetooth__controller.a(ull.c.obj)
                0x0000ba6c                ull_rx_put
 .text.ull_rx_sched
                0x0000ba8c       0x10 zephyr/subsys/bluetooth/controller/libsubsys__bluetooth__controller.a(ull.c.obj)
                0x0000ba8c                ull_rx_sched
 .text.ull_rx_put_sched
                0x0000ba9c       0x30 zephyr/subsys/bluetooth/controller/libsubsys__bluetooth__controller.a(ull.c.obj)
                0x0000ba9c                ull_rx_put_sched
 .text.ull_prepare_enqueue
                0x0000bacc       0x74 zephyr/subsys/bluetooth/controller/libsubsys__bluetooth__controller.a(ull.c.obj)
                0x0000bacc                ull_prepare_enqueue
 .text.ull_prepare_dequeue_get
                0x0000bb40       0x1c zephyr/subsys/bluetooth/controller/libsubsys__bluetooth__controller.a(ull.c.obj)
                0x0000bb40                ull_prepare_dequeue_get
 .text.ull_prepare_dequeue_iter
                0x0000bb5c       0x34 zephyr/subsys/bluetooth/controller/libsubsys__bluetooth__controller.a(ull.c.obj)
                0x0000bb5c                ull_prepare_dequeue_iter
 .text.ull_prepare_dequeue
                0x0000bb90      0x104 zephyr/subsys/bluetooth/controller/libsubsys__bluetooth__controller.a(ull.c.obj)
                0x0000bb90                ull_prepare_dequeue
 .text.ull_event_done_extra_get
                0x0000bc94       0x1c zephyr/subsys/bluetooth/controller/libsubsys__bluetooth__controller.a(ull.c.obj)
                0x0000bc94                ull_event_done_extra_get
 .text.ull_event_done
                0x0000bcb0       0x5c zephyr/subsys/bluetooth/controller/libsubsys__bluetooth__controller.a(ull.c.obj)
                0x0000bcb0                ull_event_done
 .text.lll_prepare
                0x0000bd0c       0x20 zephyr/subsys/bluetooth/controller/libsubsys__bluetooth__controller.a(lll_common.c.obj)
                0x0000bd0c                lll_prepare
 .text.lll_resume
                0x0000bd2c       0x28 zephyr/subsys/bluetooth/controller/libsubsys__bluetooth__controller.a(lll_common.c.obj)
                0x0000bd2c                lll_resume
 .text.bt_recv_prio
                0x0000bd54       0x28 zephyr/subsys/bluetooth/controller/libsubsys__bluetooth__controller.a(hci_driver.c.obj)
 .text.hci_driver_send
                0x0000bd7c       0x98 zephyr/subsys/bluetooth/controller/libsubsys__bluetooth__controller.a(hci_driver.c.obj)
 .text.hci_driver_close
                0x0000be14       0x24 zephyr/subsys/bluetooth/controller/libsubsys__bluetooth__controller.a(hci_driver.c.obj)
 .text.prio_recv_thread
                0x0000be38       0xcc zephyr/subsys/bluetooth/controller/libsubsys__bluetooth__controller.a(hci_driver.c.obj)
 .text.hci_driver_open
                0x0000bf04       0xa8 zephyr/subsys/bluetooth/controller/libsubsys__bluetooth__controller.a(hci_driver.c.obj)
 .text.recv_thread
                0x0000bfac       0xec zephyr/subsys/bluetooth/controller/libsubsys__bluetooth__controller.a(hci_driver.c.obj)
 .text.hci_recv_fifo_reset
                0x0000c098       0x20 zephyr/subsys/bluetooth/controller/libsubsys__bluetooth__controller.a(hci_driver.c.obj)
                0x0000c098                hci_recv_fifo_reset
 .text.le_remote_feat_complete
                0x0000c0b8       0x78 zephyr/subsys/bluetooth/controller/libsubsys__bluetooth__controller.a(hci.c.obj)
 .text.hci_vendor_cmd_handle_common
                0x0000c130      0x194 zephyr/subsys/bluetooth/controller/libsubsys__bluetooth__controller.a(hci.c.obj)
                0x0000c130                hci_vendor_cmd_handle_common
 .text.hci_cmd_handle
                0x0000c2c4      0x8ec zephyr/subsys/bluetooth/controller/libsubsys__bluetooth__controller.a(hci.c.obj)
                0x0000c2c4                hci_cmd_handle
 .text.hci_acl_handle
                0x0000cbb0       0xc0 zephyr/subsys/bluetooth/controller/libsubsys__bluetooth__controller.a(hci.c.obj)
                0x0000cbb0                hci_acl_handle
 .text.hci_disconn_complete_encode
                0x0000cc70       0x40 zephyr/subsys/bluetooth/controller/libsubsys__bluetooth__controller.a(hci.c.obj)
                0x0000cc70                hci_disconn_complete_encode
 .text.hci_disconn_complete_process
                0x0000ccb0       0x10 zephyr/subsys/bluetooth/controller/libsubsys__bluetooth__controller.a(hci.c.obj)
                0x0000ccb0                hci_disconn_complete_process
 .text.hci_acl_encode
                0x0000ccc0       0x50 zephyr/subsys/bluetooth/controller/libsubsys__bluetooth__controller.a(hci.c.obj)
                0x0000ccc0                hci_acl_encode
 .text.hci_evt_encode
                0x0000cd10      0x548 zephyr/subsys/bluetooth/controller/libsubsys__bluetooth__controller.a(hci.c.obj)
                0x0000cd10                hci_evt_encode
 .text.hci_num_cmplt_encode
                0x0000d258       0x30 zephyr/subsys/bluetooth/controller/libsubsys__bluetooth__controller.a(hci.c.obj)
                0x0000d258                hci_num_cmplt_encode
 .text.hci_get_class
                0x0000d288       0x2c zephyr/subsys/bluetooth/controller/libsubsys__bluetooth__controller.a(hci.c.obj)
                0x0000d288                hci_get_class
 .text.hci_init
                0x0000d2b4       0x40 zephyr/subsys/bluetooth/controller/libsubsys__bluetooth__controller.a(hci.c.obj)
                0x0000d2b4                hci_init
 .text.ticker_stop_cb
                0x0000d2f4       0x48 zephyr/subsys/bluetooth/controller/libsubsys__bluetooth__controller.a(ull_adv.c.obj)
 .text.disabled_cb
                0x0000d33c       0x50 zephyr/subsys/bluetooth/controller/libsubsys__bluetooth__controller.a(ull_adv.c.obj)
 .text.ticker_update_op_cb
                0x0000d38c       0x44 zephyr/subsys/bluetooth/controller/libsubsys__bluetooth__controller.a(ull_adv.c.obj)
 .text.ticker_stop_op_cb
                0x0000d3d0       0x24 zephyr/subsys/bluetooth/controller/libsubsys__bluetooth__controller.a(ull_adv.c.obj)
 .text.adv_disable
                0x0000d3f4       0x40 zephyr/subsys/bluetooth/controller/libsubsys__bluetooth__controller.a(ull_adv.c.obj)
 .text.conn_release.constprop.0
                0x0000d434       0x54 zephyr/subsys/bluetooth/controller/libsubsys__bluetooth__controller.a(ull_adv.c.obj)
 .text.disable.constprop.0
                0x0000d488       0xd0 zephyr/subsys/bluetooth/controller/libsubsys__bluetooth__controller.a(ull_adv.c.obj)
 .text.adv_time_get.constprop.0
                0x0000d558       0x78 zephyr/subsys/bluetooth/controller/libsubsys__bluetooth__controller.a(ull_adv.c.obj)
 .text.ticker_cb
                0x0000d5d0       0xe0 zephyr/subsys/bluetooth/controller/libsubsys__bluetooth__controller.a(ull_adv.c.obj)
 .text.init_reset.isra.0
                0x0000d6b0       0x64 zephyr/subsys/bluetooth/controller/libsubsys__bluetooth__controller.a(ull_adv.c.obj)
 .text.ll_adv_params_set
                0x0000d714      0x198 zephyr/subsys/bluetooth/controller/libsubsys__bluetooth__controller.a(ull_adv.c.obj)
                0x0000d714                ll_adv_params_set
 .text.ull_adv_init
                0x0000d8ac        0xc zephyr/subsys/bluetooth/controller/libsubsys__bluetooth__controller.a(ull_adv.c.obj)
                0x0000d8ac                ull_adv_init
 .text.ull_adv_reset
                0x0000d8b8        0xc zephyr/subsys/bluetooth/controller/libsubsys__bluetooth__controller.a(ull_adv.c.obj)
                0x0000d8b8                ull_adv_reset
 .text.ull_adv_reset_finalize
                0x0000d8c4       0x20 zephyr/subsys/bluetooth/controller/libsubsys__bluetooth__controller.a(ull_adv.c.obj)
                0x0000d8c4                ull_adv_reset_finalize
 .text.ull_adv_handle_get
                0x0000d8e4       0x18 zephyr/subsys/bluetooth/controller/libsubsys__bluetooth__controller.a(ull_adv.c.obj)
                0x0000d8e4                ull_adv_handle_get
 .text.ull_adv_lll_handle_get
                0x0000d8fc       0x1c zephyr/subsys/bluetooth/controller/libsubsys__bluetooth__controller.a(ull_adv.c.obj)
                0x0000d8fc                ull_adv_lll_handle_get
 .text.ull_adv_is_enabled_get
                0x0000d918       0x18 zephyr/subsys/bluetooth/controller/libsubsys__bluetooth__controller.a(ull_adv.c.obj)
                0x0000d918                ull_adv_is_enabled_get
 .text.ull_adv_is_enabled
                0x0000d930       0x18 zephyr/subsys/bluetooth/controller/libsubsys__bluetooth__controller.a(ull_adv.c.obj)
                0x0000d930                ull_adv_is_enabled
 .text.ull_adv_filter_pol_get
                0x0000d948       0x20 zephyr/subsys/bluetooth/controller/libsubsys__bluetooth__controller.a(ull_adv.c.obj)
                0x0000d948                ull_adv_filter_pol_get
 .text.ull_adv_pdu_update_addrs
                0x0000d968       0x60 zephyr/subsys/bluetooth/controller/libsubsys__bluetooth__controller.a(ull_adv.c.obj)
                0x0000d968                ull_adv_pdu_update_addrs
 .text.ull_adv_data_set
                0x0000d9c8       0xc8 zephyr/subsys/bluetooth/controller/libsubsys__bluetooth__controller.a(ull_adv.c.obj)
                0x0000d9c8                ull_adv_data_set
 .text.ll_adv_data_set
                0x0000da90       0x10 zephyr/subsys/bluetooth/controller/libsubsys__bluetooth__controller.a(ull_adv.c.obj)
                0x0000da90                ll_adv_data_set
 .text.ull_scan_rsp_set
                0x0000daa0       0xcc zephyr/subsys/bluetooth/controller/libsubsys__bluetooth__controller.a(ull_adv.c.obj)
                0x0000daa0                ull_scan_rsp_set
 .text.ll_adv_scan_rsp_set
                0x0000db6c       0x10 zephyr/subsys/bluetooth/controller/libsubsys__bluetooth__controller.a(ull_adv.c.obj)
                0x0000db6c                ll_adv_scan_rsp_set
 .text.disabled_cb
                0x0000db7c       0x1c zephyr/subsys/bluetooth/controller/libsubsys__bluetooth__controller.a(ull_conn.c.obj)
 .text.conn_setup_adv_scan_disabled_cb
                0x0000db98       0x18 zephyr/subsys/bluetooth/controller/libsubsys__bluetooth__controller.a(ull_conn.c.obj)
 .text.tx_lll_flush
                0x0000dbb0       0xa4 zephyr/subsys/bluetooth/controller/libsubsys__bluetooth__controller.a(ull_conn.c.obj)
 .text.ticker_start_conn_op_cb
                0x0000dc54       0x18 zephyr/subsys/bluetooth/controller/libsubsys__bluetooth__controller.a(ull_conn.c.obj)
 .text.ticker_stop_conn_op_cb
                0x0000dc6c       0x18 zephyr/subsys/bluetooth/controller/libsubsys__bluetooth__controller.a(ull_conn.c.obj)
 .text.ticker_stop_op_cb
                0x0000dc84       0x28 zephyr/subsys/bluetooth/controller/libsubsys__bluetooth__controller.a(ull_conn.c.obj)
 .text.ticker_update_conn_op_cb
                0x0000dcac       0x28 zephyr/subsys/bluetooth/controller/libsubsys__bluetooth__controller.a(ull_conn.c.obj)
 .text.init_reset.isra.0
                0x0000dcd4       0x88 zephyr/subsys/bluetooth/controller/libsubsys__bluetooth__controller.a(ull_conn.c.obj)
 .text.conn_disable
                0x0000dd5c       0x54 zephyr/subsys/bluetooth/controller/libsubsys__bluetooth__controller.a(ull_conn.c.obj)
 .text.ll_conn_acquire
                0x0000ddb0        0xc zephyr/subsys/bluetooth/controller/libsubsys__bluetooth__controller.a(ull_conn.c.obj)
                0x0000ddb0                ll_conn_acquire
 .text.ll_conn_release
                0x0000ddbc        0xc zephyr/subsys/bluetooth/controller/libsubsys__bluetooth__controller.a(ull_conn.c.obj)
                0x0000ddbc                ll_conn_release
 .text.ll_conn_handle_get
                0x0000ddc8       0x10 zephyr/subsys/bluetooth/controller/libsubsys__bluetooth__controller.a(ull_conn.c.obj)
                0x0000ddc8                ll_conn_handle_get
 .text.ll_conn_get
                0x0000ddd8       0x18 zephyr/subsys/bluetooth/controller/libsubsys__bluetooth__controller.a(ull_conn.c.obj)
                0x0000ddd8                ll_conn_get
 .text.ll_connected_get
                0x0000ddf0       0x24 zephyr/subsys/bluetooth/controller/libsubsys__bluetooth__controller.a(ull_conn.c.obj)
                0x0000ddf0                ll_connected_get
 .text.ll_tx_mem_acquire
                0x0000de14        0xc zephyr/subsys/bluetooth/controller/libsubsys__bluetooth__controller.a(ull_conn.c.obj)
                0x0000de14                ll_tx_mem_acquire
 .text.ll_tx_mem_release
                0x0000de20        0xc zephyr/subsys/bluetooth/controller/libsubsys__bluetooth__controller.a(ull_conn.c.obj)
                0x0000de20                ll_tx_mem_release
 .text.ll_tx_mem_enqueue
                0x0000de2c       0x94 zephyr/subsys/bluetooth/controller/libsubsys__bluetooth__controller.a(ull_conn.c.obj)
                0x0000de2c                ll_tx_mem_enqueue
 .text.ll_conn_update
                0x0000dec0       0x88 zephyr/subsys/bluetooth/controller/libsubsys__bluetooth__controller.a(ull_conn.c.obj)
                0x0000dec0                ll_conn_update
 .text.ll_chm_get
                0x0000df48       0x48 zephyr/subsys/bluetooth/controller/libsubsys__bluetooth__controller.a(ull_conn.c.obj)
                0x0000df48                ll_chm_get
 .text.ll_terminate_ind_send
                0x0000df90       0x6c zephyr/subsys/bluetooth/controller/libsubsys__bluetooth__controller.a(ull_conn.c.obj)
                0x0000df90                ll_terminate_ind_send
 .text.ll_feature_req_send
                0x0000dffc       0x44 zephyr/subsys/bluetooth/controller/libsubsys__bluetooth__controller.a(ull_conn.c.obj)
                0x0000dffc                ll_feature_req_send
 .text.ll_version_ind_send
                0x0000e040       0x44 zephyr/subsys/bluetooth/controller/libsubsys__bluetooth__controller.a(ull_conn.c.obj)
                0x0000e040                ll_version_ind_send
 .text.ll_length_req_send
                0x0000e084       0x58 zephyr/subsys/bluetooth/controller/libsubsys__bluetooth__controller.a(ull_conn.c.obj)
                0x0000e084                ll_length_req_send
 .text.ll_length_default_get
                0x0000e0dc       0x18 zephyr/subsys/bluetooth/controller/libsubsys__bluetooth__controller.a(ull_conn.c.obj)
                0x0000e0dc                ll_length_default_get
 .text.ll_length_default_set
                0x0000e0f4       0x14 zephyr/subsys/bluetooth/controller/libsubsys__bluetooth__controller.a(ull_conn.c.obj)
                0x0000e0f4                ll_length_default_set
 .text.ll_length_max_get
                0x0000e108       0x18 zephyr/subsys/bluetooth/controller/libsubsys__bluetooth__controller.a(ull_conn.c.obj)
                0x0000e108                ll_length_max_get
 .text.ll_phy_get
                0x0000e120       0x40 zephyr/subsys/bluetooth/controller/libsubsys__bluetooth__controller.a(ull_conn.c.obj)
                0x0000e120                ll_phy_get
 .text.ll_phy_default_set
                0x0000e160       0x14 zephyr/subsys/bluetooth/controller/libsubsys__bluetooth__controller.a(ull_conn.c.obj)
                0x0000e160                ll_phy_default_set
 .text.ll_phy_req_send
                0x0000e174       0x68 zephyr/subsys/bluetooth/controller/libsubsys__bluetooth__controller.a(ull_conn.c.obj)
                0x0000e174                ll_phy_req_send
 .text.ll_apto_get
                0x0000e1dc       0x64 zephyr/subsys/bluetooth/controller/libsubsys__bluetooth__controller.a(ull_conn.c.obj)
                0x0000e1dc                ll_apto_get
 .text.ll_apto_set
                0x0000e240       0x60 zephyr/subsys/bluetooth/controller/libsubsys__bluetooth__controller.a(ull_conn.c.obj)
                0x0000e240                ll_apto_set
 .text.ull_conn_init
                0x0000e2a0        0xc zephyr/subsys/bluetooth/controller/libsubsys__bluetooth__controller.a(ull_conn.c.obj)
                0x0000e2a0                ull_conn_init
 .text.ull_conn_reset
                0x0000e2ac       0x8c zephyr/subsys/bluetooth/controller/libsubsys__bluetooth__controller.a(ull_conn.c.obj)
                0x0000e2ac                ull_conn_reset
 .text.ull_conn_default_phy_tx_get
                0x0000e338        0xc zephyr/subsys/bluetooth/controller/libsubsys__bluetooth__controller.a(ull_conn.c.obj)
                0x0000e338                ull_conn_default_phy_tx_get
 .text.ull_conn_default_phy_rx_get
                0x0000e344        0xc zephyr/subsys/bluetooth/controller/libsubsys__bluetooth__controller.a(ull_conn.c.obj)
                0x0000e344                ull_conn_default_phy_rx_get
 .text.ull_conn_setup
                0x0000e350       0x38 zephyr/subsys/bluetooth/controller/libsubsys__bluetooth__controller.a(ull_conn.c.obj)
                0x0000e350                ull_conn_setup
 .text.ull_conn_rx
                0x0000e388       0x78 zephyr/subsys/bluetooth/controller/libsubsys__bluetooth__controller.a(ull_conn.c.obj)
                0x0000e388                ull_conn_rx
 .text.ull_conn_llcp
                0x0000e400       0x3c zephyr/subsys/bluetooth/controller/libsubsys__bluetooth__controller.a(ull_conn.c.obj)
                0x0000e400                ull_conn_llcp
 .text.ull_conn_tx_demux
                0x0000e43c       0x7c zephyr/subsys/bluetooth/controller/libsubsys__bluetooth__controller.a(ull_conn.c.obj)
                0x0000e43c                ull_conn_tx_demux
 .text.conn_cleanup
                0x0000e4b8       0xd4 zephyr/subsys/bluetooth/controller/libsubsys__bluetooth__controller.a(ull_conn.c.obj)
 .text.tx_demux
                0x0000e58c       0x48 zephyr/subsys/bluetooth/controller/libsubsys__bluetooth__controller.a(ull_conn.c.obj)
 .text.ull_conn_tx_lll_enqueue
                0x0000e5d4       0x54 zephyr/subsys/bluetooth/controller/libsubsys__bluetooth__controller.a(ull_conn.c.obj)
                0x0000e5d4                ull_conn_tx_lll_enqueue
 .text.ull_conn_link_tx_release
                0x0000e628        0xc zephyr/subsys/bluetooth/controller/libsubsys__bluetooth__controller.a(ull_conn.c.obj)
                0x0000e628                ull_conn_link_tx_release
 .text.ull_conn_ack_last_idx_get
                0x0000e634        0xc zephyr/subsys/bluetooth/controller/libsubsys__bluetooth__controller.a(ull_conn.c.obj)
                0x0000e634                ull_conn_ack_last_idx_get
 .text.ull_conn_ack_peek
                0x0000e640       0x30 zephyr/subsys/bluetooth/controller/libsubsys__bluetooth__controller.a(ull_conn.c.obj)
                0x0000e640                ull_conn_ack_peek
 .text.ull_conn_ack_by_last_peek
                0x0000e670       0x24 zephyr/subsys/bluetooth/controller/libsubsys__bluetooth__controller.a(ull_conn.c.obj)
                0x0000e670                ull_conn_ack_by_last_peek
 .text.ull_conn_ack_dequeue
                0x0000e694       0x2c zephyr/subsys/bluetooth/controller/libsubsys__bluetooth__controller.a(ull_conn.c.obj)
                0x0000e694                ull_conn_ack_dequeue
 .text.ull_conn_lll_ack_enqueue
                0x0000e6c0       0x3c zephyr/subsys/bluetooth/controller/libsubsys__bluetooth__controller.a(ull_conn.c.obj)
                0x0000e6c0                ull_conn_lll_ack_enqueue
 .text.ull_conn_tx_ack
                0x0000e6fc       0x9c zephyr/subsys/bluetooth/controller/libsubsys__bluetooth__controller.a(ull_conn.c.obj)
                0x0000e6fc                ull_conn_tx_ack
 .text.ull_conn_lll_max_tx_octets_get
                0x0000e798       0x34 zephyr/subsys/bluetooth/controller/libsubsys__bluetooth__controller.a(ull_conn.c.obj)
                0x0000e798                ull_conn_lll_max_tx_octets_get
 .text.ull_pdu_data_init
                0x0000e7cc        0x4 zephyr/subsys/bluetooth/controller/libsubsys__bluetooth__controller.a(ull_conn.c.obj)
                0x0000e7cc                ull_pdu_data_init
 .text.ull_conn_pause_rx_data
                0x0000e7d0       0x10 zephyr/subsys/bluetooth/controller/libsubsys__bluetooth__controller.a(ull_conn.c.obj)
                0x0000e7d0                ull_conn_pause_rx_data
 .text.ull_conn_resume_rx_data
                0x0000e7e0       0x10 zephyr/subsys/bluetooth/controller/libsubsys__bluetooth__controller.a(ull_conn.c.obj)
                0x0000e7e0                ull_conn_resume_rx_data
 .text.ull_conn_event_counter_at_prepare
                0x0000e7f0       0x10 zephyr/subsys/bluetooth/controller/libsubsys__bluetooth__controller.a(ull_conn.c.obj)
                0x0000e7f0                ull_conn_event_counter_at_prepare
 .text.ull_conn_event_counter
                0x0000e800       0x1c zephyr/subsys/bluetooth/controller/libsubsys__bluetooth__controller.a(ull_conn.c.obj)
                0x0000e800                ull_conn_event_counter
 .text.ull_conn_chan_map_set
                0x0000e81c       0x24 zephyr/subsys/bluetooth/controller/libsubsys__bluetooth__controller.a(ull_conn.c.obj)
                0x0000e81c                ull_conn_chan_map_set
 .text.ull_dle_max_time_get
                0x0000e840       0x20 zephyr/subsys/bluetooth/controller/libsubsys__bluetooth__controller.a(ull_conn.c.obj)
                0x0000e840                ull_dle_max_time_get
 .text.ull_dle_update_eff
                0x0000e860      0x100 zephyr/subsys/bluetooth/controller/libsubsys__bluetooth__controller.a(ull_conn.c.obj)
                0x0000e860                ull_dle_update_eff
 .text.ull_dle_update_eff_rx
                0x0000e960       0x70 zephyr/subsys/bluetooth/controller/libsubsys__bluetooth__controller.a(ull_conn.c.obj)
                0x0000e960                ull_dle_update_eff_rx
 .text.ull_dle_update_eff_tx
                0x0000e9d0       0x84 zephyr/subsys/bluetooth/controller/libsubsys__bluetooth__controller.a(ull_conn.c.obj)
                0x0000e9d0                ull_dle_update_eff_tx
 .text.ull_dle_local_tx_update
                0x0000ea54       0x34 zephyr/subsys/bluetooth/controller/libsubsys__bluetooth__controller.a(ull_conn.c.obj)
                0x0000ea54                ull_dle_local_tx_update
 .text.ull_dle_init
                0x0000ea88       0xc4 zephyr/subsys/bluetooth/controller/libsubsys__bluetooth__controller.a(ull_conn.c.obj)
                0x0000ea88                ull_dle_init
 .text.ull_conn_lll_tx_queue_is_empty
                0x0000eb4c       0x14 zephyr/subsys/bluetooth/controller/libsubsys__bluetooth__controller.a(ull_conn.c.obj)
                0x0000eb4c                ull_conn_lll_tx_queue_is_empty
 .text.rp_enc_send_enc_rsp.part.0
                0x0000eb60       0x78 zephyr/subsys/bluetooth/controller/libsubsys__bluetooth__controller.a(ull_llcp_enc.c.obj)
 .text.rp_enc_send_start_enc_req.constprop.0
                0x0000ebd8       0xd4 zephyr/subsys/bluetooth/controller/libsubsys__bluetooth__controller.a(ull_llcp_enc.c.obj)
 .text.rp_enc_execute_fsm
                0x0000ecac      0x2b8 zephyr/subsys/bluetooth/controller/libsubsys__bluetooth__controller.a(ull_llcp_enc.c.obj)
 .text.llcp_rp_enc_rx
                0x0000ef64       0x40 zephyr/subsys/bluetooth/controller/libsubsys__bluetooth__controller.a(ull_llcp_enc.c.obj)
                0x0000ef64                llcp_rp_enc_rx
 .text.llcp_rp_enc_ltk_req_reply
                0x0000efa4       0x1c zephyr/subsys/bluetooth/controller/libsubsys__bluetooth__controller.a(ull_llcp_enc.c.obj)
                0x0000efa4                llcp_rp_enc_ltk_req_reply
 .text.llcp_rp_enc_ltk_req_neg_reply
                0x0000efc0       0x28 zephyr/subsys/bluetooth/controller/libsubsys__bluetooth__controller.a(ull_llcp_enc.c.obj)
                0x0000efc0                llcp_rp_enc_ltk_req_neg_reply
 .text.llcp_rp_enc_ltk_req_reply_allowed
                0x0000efe8       0x10 zephyr/subsys/bluetooth/controller/libsubsys__bluetooth__controller.a(ull_llcp_enc.c.obj)
                0x0000efe8                llcp_rp_enc_ltk_req_reply_allowed
 .text.llcp_rp_enc_run
                0x0000eff8        0x8 zephyr/subsys/bluetooth/controller/libsubsys__bluetooth__controller.a(ull_llcp_enc.c.obj)
                0x0000eff8                llcp_rp_enc_run